Component: Arm Compiler for Embedded 6.21 Tool: armlink [5ec1fa00]

==============================================================================

Section Cross References

    startup.o(STACK) refers (Special) to heapauxi.o(.text) for __use_two_region_memory
    startup.o(HEAP) refers (Special) to heapauxi.o(.text) for __use_two_region_memory
    startup.o(RESET) refers (Special) to heapauxi.o(.text) for __use_two_region_memory
    startup.o(RESET) refers to startup.o(STACK) for StackMem
    startup.o(RESET) refers to spaceinvadersv3.o(.text.SysTick_Handler) for SysTick_Handler
    startup.o(RESET) refers to spaceinvadersv3.o(.text.GPIOPortF_Handler) for GPIOPortF_Handler
    startup.o(RESET) refers to __main.o(!!!main) for __main
    startup.o(.text) refers (Special) to heapauxi.o(.text) for __use_two_region_memory
    startup.o(.text) refers to startup.o(HEAP) for HeapMem
    startup.o(.text) refers to startup.o(STACK) for StackMem
    nokia5110.o(.text.Nokia5110_Init) refers to nokia5110.o(.text.lcdwrite) for lcdwrite
    nokia5110.o(.ARM.exidx.text.Nokia5110_Init) refers to nokia5110.o(.text.Nokia5110_Init) for [Anonymous Symbol]
    nokia5110.o(.ARM.exidx.text.lcdwrite) refers to nokia5110.o(.text.lcdwrite) for [Anonymous Symbol]
    nokia5110.o(.text.Nokia5110_OutChar) refers to nokia5110.o(.text.lcdwrite) for lcdwrite
    nokia5110.o(.text.Nokia5110_OutChar) refers to nokia5110.o(.rodata.ASCII) for ASCII
    nokia5110.o(.ARM.exidx.text.Nokia5110_OutChar) refers to nokia5110.o(.text.Nokia5110_OutChar) for [Anonymous Symbol]
    nokia5110.o(.text.Nokia5110_OutString) refers to nokia5110.o(.text.Nokia5110_OutChar) for Nokia5110_OutChar
    nokia5110.o(.ARM.exidx.text.Nokia5110_OutString) refers to nokia5110.o(.text.Nokia5110_OutString) for [Anonymous Symbol]
    nokia5110.o(.text.Nokia5110_OutUDec) refers to nokia5110.o(.rodata.str1.1) for .L.str
    nokia5110.o(.text.Nokia5110_OutUDec) refers to nokia5110.o(.text.Nokia5110_OutString) for Nokia5110_OutString
    nokia5110.o(.text.Nokia5110_OutUDec) refers to nokia5110.o(.text.Nokia5110_OutChar) for Nokia5110_OutChar
    nokia5110.o(.ARM.exidx.text.Nokia5110_OutUDec) refers to nokia5110.o(.text.Nokia5110_OutUDec) for [Anonymous Symbol]
    nokia5110.o(.text.Nokia5110_SetCursor) refers to nokia5110.o(.text.lcdwrite) for lcdwrite
    nokia5110.o(.ARM.exidx.text.Nokia5110_SetCursor) refers to nokia5110.o(.text.Nokia5110_SetCursor) for [Anonymous Symbol]
    nokia5110.o(.text.Nokia5110_Clear) refers to nokia5110.o(.text.lcdwrite) for lcdwrite
    nokia5110.o(.text.Nokia5110_Clear) refers to nokia5110.o(.text.Nokia5110_SetCursor) for Nokia5110_SetCursor
    nokia5110.o(.ARM.exidx.text.Nokia5110_Clear) refers to nokia5110.o(.text.Nokia5110_Clear) for [Anonymous Symbol]
    nokia5110.o(.text.Nokia5110_DrawFullImage) refers to nokia5110.o(.text.Nokia5110_SetCursor) for Nokia5110_SetCursor
    nokia5110.o(.text.Nokia5110_DrawFullImage) refers to nokia5110.o(.text.lcdwrite) for lcdwrite
    nokia5110.o(.ARM.exidx.text.Nokia5110_DrawFullImage) refers to nokia5110.o(.text.Nokia5110_DrawFullImage) for [Anonymous Symbol]
    nokia5110.o(.text.Nokia5110_PrintBMP) refers to nokia5110.o(.bss.Screen) for Screen
    nokia5110.o(.ARM.exidx.text.Nokia5110_PrintBMP) refers to nokia5110.o(.text.Nokia5110_PrintBMP) for [Anonymous Symbol]
    nokia5110.o(.text.Nokia5110_ClearBuffer) refers to nokia5110.o(.bss.Screen) for Screen
    nokia5110.o(.ARM.exidx.text.Nokia5110_ClearBuffer) refers to nokia5110.o(.text.Nokia5110_ClearBuffer) for [Anonymous Symbol]
    nokia5110.o(.text.Nokia5110_SetPixel) refers to nokia5110.o(.bss.Screen) for Screen
    nokia5110.o(.ARM.exidx.text.Nokia5110_SetPixel) refers to nokia5110.o(.text.Nokia5110_SetPixel) for [Anonymous Symbol]
    nokia5110.o(.text.Nokia5110_ClearPixel) refers to nokia5110.o(.bss.Screen) for Screen
    nokia5110.o(.ARM.exidx.text.Nokia5110_ClearPixel) refers to nokia5110.o(.text.Nokia5110_ClearPixel) for [Anonymous Symbol]
    nokia5110.o(.text.Nokia5110_DisplayBuffer) refers to nokia5110.o(.bss.Screen) for Screen
    nokia5110.o(.text.Nokia5110_DisplayBuffer) refers to nokia5110.o(.text.Nokia5110_DrawFullImage) for Nokia5110_DrawFullImage
    nokia5110.o(.ARM.exidx.text.Nokia5110_DisplayBuffer) refers to nokia5110.o(.text.Nokia5110_DisplayBuffer) for [Anonymous Symbol]
    pll.o(.ARM.exidx.text.PLL_Init) refers to pll.o(.text.PLL_Init) for [Anonymous Symbol]
    systick.o(.ARM.exidx.text.SysTick_Init) refers to systick.o(.text.SysTick_Init) for [Anonymous Symbol]
    systick.o(.text.SysTickDelay3s) refers to spaceinvadersv3.o(.bss.time_to_draw) for time_to_draw
    systick.o(.ARM.exidx.text.SysTickDelay3s) refers to systick.o(.text.SysTickDelay3s) for [Anonymous Symbol]
    switch.o(.ARM.exidx.text.Switch_Init) refers to switch.o(.text.Switch_Init) for [Anonymous Symbol]
[...]
    ../clib/printf.c                         0x00000000   Number         0  _printf_fp_infnan.o ABSOLUTE
    ../clib/printf_percent.s                 0x00000000   Number         0  _printf_c.o ABSOLUTE
    ../clib/printf_percent.s                 0x00000000   Number         0  _printf_s.o ABSOLUTE
    ../clib/printf_percent.s                 0x00000000   Number         0  _printf_n.o ABSOLUTE
    ../clib/printf_percent.s                 0x00000000   Number         0  _printf_x.o ABSOLUTE
    ../clib/printf_percent.s                 0x00000000   Number         0  _printf_p.o ABSOLUTE
    ../clib/printf_percent.s                 0x00000000   Number         0  _printf_o.o ABSOLUTE
    ../clib/printf_percent.s                 0x00000000   Number         0  _printf_i.o ABSOLUTE
    ../clib/printf_percent.s                 0x00000000   Number         0  _printf_d.o ABSOLUTE
    ../clib/printf_percent.s                 0x00000000   Number         0  _printf_u.o ABSOLUTE
    ../clib/printf_percent.s                 0x00000000   Number         0  _printf_f.o ABSOLUTE
    ../clib/printf_percent.s                 0x00000000   Number         0  _printf_e.o ABSOLUTE
    ../clib/printf_percent.s                 0x00000000   Number         0  _printf_g.o ABSOLUTE
    ../clib/printf_percent.s                 0x00000000   Number         0  _printf_a.o ABSOLUTE
    ../clib/printf_percent.s                 0x00000000   Number         0  _printf_percent.o ABSOLUTE
    ../clib/printf_percent.s                 0x00000000   Number         0  _printf_lli.o ABSOLUTE
    ../clib/printf_percent.s                 0x00000000   Number         0  _printf_lld.o ABSOLUTE
    ../clib/printf_percent.s                 0x00000000   Number         0  _printf_llu.o ABSOLUTE
    ../clib/printf_percent.s                 0x00000000   Number         0  _printf_ll.o ABSOLUTE
    ../clib/printf_percent.s                 0x00000000   Number         0  _printf_l.o ABSOLUTE
    ../clib/printf_percent.s                 0x00000000   Number         0  _printf_lc.o ABSOLUTE
    ../clib/printf_percent.s                 0x00000000   Number         0  _printf_ls.o ABSOLUTE
    ../clib/printf_percent.s                 0x00000000   Number         0  _printf_llo.o ABSOLUTE
    ../clib/printf_percent.s                 0x00000000   Number         0  _printf_llx.o ABSOLUTE
    ../clib/printf_percent.s                 0x00000000   Number         0  _printf_percent_end.o ABSOLUTE
    ../clib/signal.c                         0x00000000   Number         0  defsig_rtmem_outer.o ABSOLUTE
    ../clib/signal.c                         0x00000000   Number         0  defsig_rtmem_formal.o ABSOLUTE
    ../clib/signal.c                         0x00000000   Number         0  defsig_exit.o ABSOLUTE
    ../clib/signal.c                         0x00000000   Number         0  defsig_rtmem_inner.o ABSOLUTE
    ../clib/signal.c                         0x00000000   Number         0  __raise.o ABSOLUTE
    ../clib/signal.c                         0x00000000   Number         0  defsig_general.o ABSOLUTE
    ../clib/signal.c                         0x00000000   Number         0  defsig_abrt_inner.o ABSOLUTE
    ../clib/signal.c                         0x00000000   Number         0  defsig_fpe_inner.o ABSOLUTE
    ../clib/signal.c                         0x00000000   Number         0  defsig_rtred_inner.o ABSOLUTE
    ../clib/signal.c                         0x00000000   Number         0  defsig_stak_inner.o ABSOLUTE
    ../clib/signal.c                         0x00000000   Number         0  defsig_pvfn_inner.o ABSOLUTE
    ../clib/signal.c                         0x00000000   Number         0  defsig_cppl_inner.o ABSOLUTE
    ../clib/signal.c                         0x00000000   Number         0  defsig_segv_inner.o ABSOLUTE
    ../clib/signal.c                         0x00000000   Number         0  defsig_other.o ABSOLUTE
    ../clib/signal.s                         0x00000000   Number         0  defsig.o ABSOLUTE
    ../clib/stdlib.c                         0x00000000   Number         0  exit.o ABSOLUTE
    ../fplib/fpinit.s                        0x00000000   Number         0  fpinit.o ABSOLUTE
    ../fplib/fpinit_empty.s                  0x00000000   Number         0  fpinit_empty.o ABSOLUTE
    ../fplib/istatus.s                       0x00000000   Number         0  istatus.o ABSOLUTE
    ../fplib/printf1.s                       0x00000000   Number         0  printf1.o ABSOLUTE
    ../fplib/printf2.s                       0x00000000   Number         0  printf2.o ABSOLUTE
    ../fplib/printf2a.s                      0x00000000   Number         0  printf2a.o ABSOLUTE
    ../fplib/printf2b.s                      0x00000000   Number         0  printf2b.o ABSOLUTE
    ../fplib/usenofp.s                       0x00000000   Number         0  usenofp.o ABSOLUTE
    ../mathlib/fpclassify.c                  0x00000000   Number         0  fpclassify.o ABSOLUTE
    ADC1SS3.c                                0x00000000   Number         0  adc1ss3.o ABSOLUTE
    ModuleTest.c                             0x00000000   Number         0  moduletest.o ABSOLUTE
    Nokia5110.c                              0x00000000   Number         0  nokia5110.o ABSOLUTE
    PLL.c                                    0x00000000   Number         0  pll.o ABSOLUTE
    SpaceInvadersV3.c                        0x00000000   Number         0  spaceinvadersv3.o ABSOLUTE
    Systick.c                                0x00000000   Number         0  systick.o ABSOLUTE
    dc.s                                     0x00000000   Number         0  dc.o ABSOLUTE
    startup.s                                0x00000000   Number         0  startup.o ABSOLUTE
    switch.c                                 0x00000000   Number         0  switch.o ABSOLUTE
    RESET                                    0x00000000   Section      644  startup.o(RESET)
    !!!main                                  0x00000284   Section        8  __main.o(!!!main)
    !!!scatter                               0x0000028c   Section       92  __scatter.o(!!!scatter)
    !!handler_null                           0x000002e8   Section        2  __scatter.o(!!handler_null)
    !!handler_zi                             0x000002ec   Section       28  __scatter_zi.o(!!handler_zi)
    .ARM.Collect$$_printf_percent$$00000000  0x00000308   Section        0  _printf_percent.o(.ARM.Collect$$_printf_percent$$00000000)
    .ARM.Collect$$_printf_percent$$00000001  0x00000308   Section        6  _printf_n.o(.ARM.Collect$$_printf_percent$$00000001)
    .ARM.Collect$$_printf_percent$$00000002  0x0000030e   Section        6  _printf_p.o(.ARM.Collect$$_printf_percent$$00000002)
    .ARM.Collect$$_printf_percent$$00000003  0x00000314   Section        6  _printf_f.o(.ARM.Collect$$_printf_percent$$00000003)
    .ARM.Collect$$_printf_percent$$00000004  0x0000031a   Section        6  _printf_e.o(.ARM.Collect$$_printf_percent$$00000004)
    .ARM.Collect$$_printf_percent$$00000005  0x00000320   Section        6  _printf_g.o(.ARM.Collect$$_printf_percent$$00000005)
    .ARM.Collect$$_printf_percent$$00000006  0x00000326   Section        6  _printf_a.o(.ARM.Collect$$_printf_percent$$00000006)
    .ARM.Collect$$_printf_percent$$00000007  0x0000032c   Section       10  _printf_ll.o(.ARM.Collect$$_printf_percent$$00000007)
    .ARM.Collect$$_printf_percent$$00000008  0x00000336   Section        6  _printf_i.o(.ARM.Collect$$_printf_percent$$00000008)
    .ARM.Collect$$_printf_percent$$00000009  0x0000033c   Section        6  _printf_d.o(.ARM.Collect$$_printf_percent$$00000009)
    .ARM.Collect$$_printf_percent$$0000000A  0x00000342   Section        6  _printf_u.o(.ARM.Collect$$_printf_percent$$0000000A)
    .ARM.Collect$$_printf_percent$$0000000B  0x00000348   Section        6  _printf_o.o(.ARM.Collect$$_printf_percent$$0000000B)
    .ARM.Collect$$_printf_percent$$0000000C  0x0000034e   Section        6  _printf_x.o(.ARM.Collect$$_printf_percent$$0000000C)
    .ARM.Collect$$_printf_percent$$0000000D  0x00000354   Section        6  _printf_lli.o(.ARM.Collect$$_printf_percent$$0000000D)
    .ARM.Collect$$_printf_percent$$0000000E  0x0000035a   Section        6  _printf_lld.o(.ARM.Collect$$_printf_percent$$0000000E)
    .ARM.Collect$$_printf_percent$$0000000F  0x00000360   Section        6  _printf_llu.o(.ARM.Collect$$_printf_percent$$0000000F)
    .ARM.Collect$$_printf_percent$$00000010  0x00000366   Section        6  _printf_llo.o(.ARM.Collect$$_printf_percent$$00000010)
    .ARM.Collect$$_printf_percent$$00000011  0x0000036c   Section        6  _printf_llx.o(.ARM.Collect$$_printf_percent$$00000011)
    .ARM.Collect$$_printf_percent$$00000012  0x00000372   Section       10  _printf_l.o(.ARM.Collect$$_printf_percent$$00000012)
    .ARM.Collect$$_printf_percent$$00000013  0x0000037c   Section        6  _printf_c.o(.ARM.Collect$$_printf_percent$$00000013)
    .ARM.Collect$$_printf_percent$$00000014  0x00000382   Section        6  _printf_s.o(.ARM.Collect$$_printf_percent$$00000014)
    .ARM.Collect$$_printf_percent$$00000015  0x00000388   Section        6  _printf_lc.o(.ARM.Collect$$_printf_percent$$00000015)
    .ARM.Collect$$_printf_percent$$00000016  0x0000038e   Section        6  _printf_ls.o(.ARM.Collect$$_printf_percent$$00000016)
    .ARM.Collect$$_printf_percent$$00000017  0x00000394   Section        4  _printf_percent_end.o(.ARM.Collect$$_printf_percent$$00000017)
    .ARM.Collect$$libinit$$00000000          0x00000398   Section        2  libinit.o(.ARM.Collect$$libinit$$00000000)
    .ARM.Collect$$libinit$$00000002          0x0000039a   Section        0  libinit2.o(.ARM.Collect$$libinit$$00000002)
    .ARM.Collect$$libinit$$00000004          0x0000039a   Section        0  libinit2.o(.ARM.Collect$$libinit$$00000004)
    .ARM.Collect$$libinit$$00000006          0x0000039a   Section        0  libinit2.o(.ARM.Collect$$libinit$$00000006)
    .ARM.Collect$$libinit$$0000000C          0x0000039a   Section        0  libinit2.o(.ARM.Collect$$libinit$$0000000C)
    .ARM.Collect$$libinit$$0000000E          0x0000039a   Section        0  libinit2.o(.ARM.Collect$$libinit$$0000000E)
    .ARM.Collect$$libinit$$00000010          0x0000039a   Section        0  libinit2.o(.ARM.Collect$$libinit$$00000010)
    .ARM.Collect$$libinit$$00000011          0x0000039a   Section        6  libinit2.o(.ARM.Collect$$libinit$$00000011)
    .ARM.Collect$$libinit$$00000013          0x000003a0   Section        0  libinit2.o(.ARM.Collect$$libinit$$00000013)
    .ARM.Collect$$libinit$$00000014          0x000003a0   Section       12  libinit2.o(.ARM.Collect$$libinit$$00000014)
    .ARM.Collect$$libinit$$00000015          0x000003ac   Section        0  libinit2.o(.ARM.Collect$$libinit$$00000015)
    .ARM.Collect$$libinit$$00000017          0x000003ac   Section        0  libinit2.o(.ARM.Collect$$libinit$$00000017)
    .ARM.Collect$$libinit$$00000018          0x000003ac   Section       10  libinit2.o(.ARM.Collect$$libinit$$00000018)
    .ARM.Collect$$libinit$$00000019          0x000003b6   Section        0  libinit2.o(.ARM.Collect$$libinit$$00000019)
    .ARM.Collect$$libinit$$0000001B          0x000003b6   Section        0  libinit2.o(.ARM.Collect$$libinit$$0000001B)
    .ARM.Collect$$libinit$$0000001D          0x000003b6   Section        0  libinit2.o(.ARM.Collect$$libinit$$0000001D)
    .ARM.Collect$$libinit$$0000001F          0x000003b6   Section        0  libinit2.o(.ARM.Collect$$libinit$$0000001F)
    .ARM.Collect$$libinit$$00000021          0x000003b6   Section        0  libinit2.o(.ARM.Collect$$libinit$$00000021)
    .ARM.Collect$$libinit$$00000023          0x000003b6   Section        0  libinit2.o(.ARM.Collect$$libinit$$00000023)
    .ARM.Collect$$libinit$$00000025          0x000003b6   Section        0  libinit2.o(.ARM.Collect$$libinit$$00000025)
    .ARM.Collect$$libinit$$00000027          0x000003b6   Section        0  libinit2.o(.ARM.Collect$$libinit$$00000027)
    .ARM.Collect$$libinit$$0000002E          0x000003b6   Section        0  libinit2.o(.ARM.Collect$$libinit$$0000002E)
    .ARM.Collect$$libinit$$00000030          0x000003b6   Section        0  libinit2.o(.ARM.Collect$$libinit$$00000030)
    .ARM.Collect$$libinit$$00000032          0x000003b6   Section        0  libinit2.o(.ARM.Collect$$libinit$$00000032)
    .ARM.Collect$$libinit$$00000034          0x000003b6   Section        0  libinit2.o(.ARM.Collect$$libinit$$00000034)
    .ARM.Collect$$libinit$$00000035          0x000003b6   Section        2  libinit2.o(.ARM.Collect$$libinit$$00000035)
    .ARM.Collect$$libshutdown$$00000000      0x000003b8   Section        2  libshutdown.o(.ARM.Collect$$libshutdown$$00000000)
    .ARM.Collect$$libshutdown$$00000002      0x000003ba   Section        0  libshutdown2.o(.ARM.Collect$$libshutdown$$00000002)
    .ARM.Collect$$libshutdown$$00000004      0x000003ba   Section        0  libshutdown2.o(.ARM.Collect$$libshutdown$$00000004)
    .ARM.Collect$$libshutdown$$00000007      0x000003ba   Section        0  libshutdown2.o(.ARM.Collect$$libshutdown$$00000007)
    .ARM.Collect$$libshutdown$$0000000A      0x000003ba   Section        0  libshutdown2.o(.ARM.Collect$$libshutdown$$0000000A)
    .ARM.Collect$$libshutdown$$0000000C      0x000003ba   Section        0  libshutdown2.o(.ARM.Collect$$libshutdown$$0000000C)
    .ARM.Collect$$libshutdown$$0000000F      0x000003ba   Section        0  libshutdown2.o(.ARM.Collect$$libshutdown$$0000000F)
    .ARM.Collect$$libshutdown$$00000010      0x000003ba   Section        2  libshutdown2.o(.ARM.Collect$$libshutdown$$00000010)
    .ARM.Collect$$rtentry$$00000000          0x000003bc   Section        0  __rtentry.o(.ARM.Collect$$rtentry$$00000000)
    .ARM.Collect$$rtentry$$00000002          0x000003bc   Section        0  __rtentry2.o(.ARM.Collect$$rtentry$$00000002)
    .ARM.Collect$$rtentry$$00000004          0x000003bc   Section        6  __rtentry4.o(.ARM.Collect$$rtentry$$00000004)
    .ARM.Collect$$rtentry$$00000009          0x000003c2   Section        0  __rtentry2.o(.ARM.Collect$$rtentry$$00000009)
    .ARM.Collect$$rtentry$$0000000A          0x000003c2   Section        4  __rtentry2.o(.ARM.Collect$$rtentry$$0000000A)
    .ARM.Collect$$rtentry$$0000000C          0x000003c6   Section        0  __rtentry2.o(.ARM.Collect$$rtentry$$0000000C)
    .ARM.Collect$$rtentry$$0000000D          0x000003c6   Section        8  __rtentry2.o(.ARM.Collect$$rtentry$$0000000D)
    .ARM.Collect$$rtexit$$00000000           0x000003ce   Section        2  rtexit.o(.ARM.Collect$$rtexit$$00000000)
    .ARM.Collect$$rtexit$$00000002           0x000003d0   Section        0  rtexit2.o(.ARM.Collect$$rtexit$$00000002)
    .ARM.Collect$$rtexit$$00000003           0x000003d0   Section        4  rtexit2.o(.ARM.Collect$$rtexit$$00000003)
    .ARM.Collect$$rtexit$$00000004           0x000003d4   Section        6  rtexit2.o(.ARM.Collect$$rtexit$$00000004)
    .text                                    0x000003dc   Section       48  startup.o(.text)
    .text                                    0x0000040c   Section        0  sprintf.o(.text)
    .text                                    0x00000438   Section        0  heapauxi.o(.text)
    .text                                    0x0000043e   Section        0  _printf_pad.o(.text)
    .text                                    0x0000048c   Section        0  _printf_truncate.o(.text)
    .text                                    0x000004b0   Section        0  _printf_str.o(.text)
    .text                                    0x00000504   Section        0  _printf_dec.o(.text)
    .text                                    0x0000057c   Section        0  _printf_charcount.o(.text)
    _printf_input_char                       0x000005a5   Thumb Code    10  _printf_char_common.o(.text)
    .text                                    0x000005a4   Section        0  _printf_char_common.o(.text)
    .text                                    0x000005d4   Section        0  _sputc.o(.text)
    .text                                    0x000005e0   Section        0  _printf_wctomb.o(.text)
    .text                                    0x0000069c   Section        0  _printf_longlong_dec.o(.text)
    _printf_longlong_oct_internal            0x00000719   Thumb Code     0  _printf_oct_int_ll.o(.text)
    .text                                    0x00000718   Section        0  _printf_oct_int_ll.o(.text)
    _printf_hex_common                       0x00000789   Thumb Code     0  _printf_hex_int_ll_ptr.o(.text)
    .text                                    0x00000788   Section        0  _printf_hex_int_ll_ptr.o(.text)
    .text                                    0x0000081c   Section        0  __printf_flags_ss_wp.o(.text)
    .text                                    0x000009a4   Section      138  lludiv10.o(.text)
    .text                                    0x00000a2e   Section        0  _printf_intcommon.o(.text)
    _fp_digits                               0x00000ae1   Thumb Code   432  _printf_fp_dec.o(.text)
    .text                                    0x00000ae0   Section        0  _printf_fp_dec.o(.text)
    .text                                    0x00000efc   Section        0  _printf_fp_hex.o(.text)
    .text                                    0x000011f8   Section        0  _printf_char.o(.text)
    .text                                    0x00001224   Section        0  _printf_wchar.o(.text)
    .text                                    0x00001250   Section        0  _c16rtomb.o(.text)
    .text                                    0x00001298   Section       74  sys_stackheap_outer.o(.text)
    .text                                    0x000012e4   Section       16  rt_ctype_table.o(.text)
    .text                                    0x000012f4   Section        8  rt_locale_intlibspace.o(.text)
    .text                                    0x000012fc   Section        0  _printf_fp_infnan.o(.text)
    .text                                    0x0000137c   Section        0  bigflt0.o(.text)
    .text                                    0x00001460   Section        0  exit.o(.text)
    .text                                    0x00001474   Section        8  libspace.o(.text)
    .text                                    0x00001480   Section      124  strcmpv7em.o(.text)
    .text                                    0x000014fc   Section        0  sys_exit.o(.text)
    .text                                    0x00001508   Section        2  use_no_semi.o(.text)
    .text                                    0x0000150a   Section        0  indicate_semi.o(.text)
    [Anonymous Symbol]                       0x0000150c   Section        0  adc1ss3.o(.text.ADC1SS3_In)
    [Anonymous Symbol]                       0x00001560   Section        0  adc1ss3.o(.text.ADC1SS3_Init)
    [Anonymous Symbol]                       0x0000165c   Section        0  adc1ss3.o(.text.ADCValue_To_X_AXIS)
    [Anonymous Symbol]                       0x000016a8   Section        0  spaceinvadersv3.o(.text.Draw)
    [Anonymous Symbol]                       0x000017a8   Section        0  spaceinvadersv3.o(.text.End_Prompt)
    [Anonymous Symbol]                       0x000017fc   Section        0  spaceinvadersv3.o(.text.GPIOPortF_Handler)
    [Anonymous Symbol]                       0x000018cc   Section        0  spaceinvadersv3.o(.text.Game_Init)
    [Anonymous Symbol]                       0x000019b0   Section        0  spaceinvadersv3.o(.text.Move)
    [Anonymous Symbol]                       0x00001d40   Section        0  nokia5110.o(.text.Nokia5110_Clear)
    [Anonymous Symbol]                       0x00001d74   Section        0  nokia5110.o(.text.Nokia5110_ClearBuffer)
    [Anonymous Symbol]                       0x00001da4   Section        0  nokia5110.o(.text.Nokia5110_DisplayBuffer)
    [Anonymous Symbol]                       0x00001db4   Section        0  nokia5110.o(.text.Nokia5110_DrawFullImage)
    [Anonymous Symbol]                       0x00001df0   Section        0  nokia5110.o(.text.Nokia5110_Init)
    [Anonymous Symbol]                       0x00001f7c   Section        0  nokia5110.o(.text.Nokia5110_OutChar)
    [Anonymous Symbol]                       0x00001fd4   Section        0  nokia5110.o(.text.Nokia5110_OutString)
    [Anonymous Symbol]                       0x00001ff8   Section        0  nokia5110.o(.text.Nokia5110_PrintBMP)
    [Anonymous Symbol]                       0x00002200   Section        0  nokia5110.o(.text.Nokia5110_SetCursor)
    [Anonymous Symbol]                       0x00002250   Section        0  pll.o(.text.PLL_Init)
    [Anonymous Symbol]                       0x000022d4   Section        0  spaceinvadersv3.o(.text.Start_Prompt)
    [Anonymous Symbol]                       0x00002318   Section        0  switch.o(.text.Switch_Init)
    [Anonymous Symbol]                       0x0000244c   Section        0  systick.o(.text.SysTickDelay3s)
    [Anonymous Symbol]                       0x0000248c   Section        0  spaceinvadersv3.o(.text.SysTick_Handler)
    [Anonymous Symbol]                       0x0000249c   Section        0  systick.o(.text.SysTick_Init)
    [Anonymous Symbol]                       0x000024cc   Section        0  spaceinvadersv3.o(.text.System_Init)
    lcdwrite                                 0x000024f5   Thumb Code   144  nokia5110.o(.text.lcdwrite)
    [Anonymous Symbol]                       0x000024f4   Section        0  nokia5110.o(.text.lcdwrite)
    [Anonymous Symbol]                       0x00002584   Section        0  spaceinvadersv3.o(.text.main)
    CL$$btod_d2e                             0x000025f6   Section       62  btod.o(CL$$btod_d2e)
    CL$$btod_d2e_denorm_low                  0x00002634   Section       70  btod.o(CL$$btod_d2e_denorm_low)
    CL$$btod_d2e_norm_op1                    0x0000267a   Section       96  btod.o(CL$$btod_d2e_norm_op1)
    CL$$btod_div_common                      0x000026dc   Section      824  btod.o(CL$$btod_div_common)
    CL$$btod_e2e                             0x00002a14   Section      220  btod.o(CL$$btod_e2e)
    CL$$btod_ediv                            0x00002af0   Section       42  btod.o(CL$$btod_ediv)
    CL$$btod_emul                            0x00002b1a   Section       42  btod.o(CL$$btod_emul)
    CL$$btod_mult_common                     0x00002b44   Section      580  btod.o(CL$$btod_mult_common)
    i.__ARM_fpclassify                       0x00002d88   Section        0  fpclassify.o(i.__ARM_fpclassify)
    i._is_digit                              0x00002db0   Section        0  __printf_wp.o(i._is_digit)
    locale$$code                             0x00002dc0   Section       44  lc_numeric_c.o(locale$$code)
    locale$$code                             0x00002dec   Section       44  lc_ctype_c.o(locale$$code)
    x$fpl$printf1                            0x00002e18   Section        4  printf1.o(x$fpl$printf1)
    x$fpl$printf2                            0x00002e1c   Section        4  printf2.o(x$fpl$printf2)
    initial_mbstate                          0x00002e20   Data           8  _printf_wctomb.o(.constdata)
    .constdata                               0x00002e20   Section        8  _printf_wctomb.o(.constdata)
    x$fpl$usenofp                            0x00002e20   Section        0  usenofp.o(x$fpl$usenofp)
    uc_hextab                                0x00002e28   Data          20  _printf_hex_int_ll_ptr.o(.constdata)
    .constdata                               0x00002e28   Section       40  _printf_hex_int_ll_ptr.o(.constdata)
    lc_hextab                                0x00002e3c   Data          20  _printf_hex_int_ll_ptr.o(.constdata)
    maptable                                 0x00002e50   Data          17  __printf_flags_ss_wp.o(.constdata)
    .constdata                               0x00002e50   Section       17  __printf_flags_ss_wp.o(.constdata)
    lc_hextab                                0x00002e61   Data          19  _printf_fp_hex.o(.constdata)
    .constdata                               0x00002e61   Section       38  _printf_fp_hex.o(.constdata)
    uc_hextab                                0x00002e74   Data          19  _printf_fp_hex.o(.constdata)
    tenpwrs_x                                0x00002e88   Data          60  bigflt0.o(.constdata)
    .constdata                               0x00002e88   Section      148  bigflt0.o(.constdata)
    tenpwrs_i                                0x00002ec4   Data          64  bigflt0.o(.constdata)
    ASCII                                    0x00002f1c   Data         480  nokia5110.o(.rodata.ASCII)
    [Anonymous Symbol]                       0x00002f1c   Section        0  nokia5110.o(.rodata.ASCII)
    .L.str                                   0x000037e5   Data          13  spaceinvadersv3.o(.rodata.str1.1)
    [Anonymous Symbol]                       0x000037e5   Section        0  spaceinvadersv3.o(.rodata.str1.1)
    .L.str.1                                 0x000037f2   Data          13  spaceinvadersv3.o(.rodata.str1.1)
    .L.str.2                                 0x000037ff   Data          13  spaceinvadersv3.o(.rodata.str1.1)
    .L.str.4                                 0x0000380c   Data          13  spaceinvadersv3.o(.rodata.str1.1)
    .L.str.6                                 0x00003819   Data          13  spaceinvadersv3.o(.rodata.str1.1)
    .L.str.3                                 0x00003826   Data          13  spaceinvadersv3.o(.rodata.str1.1)
    .L.str.5                                 0x00003833   Data          13  spaceinvadersv3.o(.rodata.str1.1)
    .L.str.7                                 0x00003840   Data          13  spaceinvadersv3.o(.rodata.str1.1)
    .L.str.8                                 0x0000384d   Data           3  spaceinvadersv3.o(.rodata.str1.1)
    locale$$data                             0x00003860   Section       28  lc_numeric_c.o(locale$$data)
    __lcnum_c_name                           0x00003864   Data           2  lc_numeric_c.o(locale$$data)
    __lcnum_c_start                          0x0000386c   Data           0  lc_numeric_c.o(locale$$data)
    __lcnum_c_point                          0x00003878   Data           0  lc_numeric_c.o(locale$$data)
    __lcnum_c_thousands                      0x0000387a   Data           0  lc_numeric_c.o(locale$$data)
    __lcnum_c_grouping                       0x0000387b   Data           0  lc_numeric_c.o(locale$$data)
    __lcnum_c_end                            0x0000387c   Data           0  lc_numeric_c.o(locale$$data)
    locale$$data                             0x0000387c   Section      272  lc_ctype_c.o(locale$$data)
    __lcctype_c_name                         0x00003880   Data           2  lc_ctype_c.o(locale$$data)
    __lcctype_c_start                        0x00003888   Data           0  lc_ctype_c.o(locale$$data)
    __lcctype_c_end                          0x0000398c   Data           0  lc_ctype_c.o(locale$$data)
    .bss                                     0x20000000   Section       96  libspace.o(.bss)
    Move.posture                             0x20000093   Data           1  spaceinvadersv3.o(.bss.Move.posture)
    [Anonymous Symbol]                       0x20000093   Section        0  spaceinvadersv3.o(.bss.Move.posture)
    HeapMem                                  0x200002a0   Data           0  startup.o(HEAP)
    StackMem                                 0x200002a0   Data           0  startup.o(STACK)
    HEAP                                     0x200002a0   Section        0  startup.o(HEAP)
    STACK                                    0x200002a0   Section     1024  startup.o(STACK)

    Global Symbols

    Symbol Name                              Value     Ov Type        Size  Object(Section)

    BuildAttributes$$THM_ISAv4$E$P$D$K$B$S$7EM$PE$A:L22UL41UL21$X:L11$S22US41US21$IEEE1$IW$~IW$USESV6$~STKCKD$USESV7$~SHL$OTIME$ROPI$IEEEJ$EBA8$UX$STANDARDLIB$REQ8$PRES8$EABIv2 0x00000000   Number         0  anon$$obj.o ABSOLUTE
    __Vectors                                0x00000000   Data           0  startup.o(RESET)
    __fp_init_empty                          0x00000000   Number         0  fpinit_empty.o ABSOLUTE
    _printf_flags                            0x00000000   Number         0  printf_stubs.o ABSOLUTE
    _printf_return_value                     0x00000000   Number         0  printf_stubs.o ABSOLUTE
    _printf_sizespec                         0x00000000   Number         0  printf_stubs.o ABSOLUTE
    _printf_widthprec                        0x00000000   Number         0  printf_stubs.o ABSOLUTE
    __ARM_exceptions_init                     - Undefined Weak Reference
    __alloca_initialize                       - Undefined Weak Reference
    __arm_preinit_                            - Undefined Weak Reference
    __arm_relocate_pie_                       - Undefined Weak Reference
    __cpp_initialize__aeabi_                  - Undefined Weak Reference
    __cxa_finalize                            - Undefined Weak Reference
    __sigvec_lookup                           - Undefined Weak Reference
    _atexit_init                              - Undefined Weak Reference
    _call_atexit_fns                          - Undefined Weak Reference
    _clock_init                               - Undefined Weak Reference
    _fp_trap_init                             - Undefined Weak Reference
    _fp_trap_shutdown                         - Undefined Weak Reference
    _get_lc_collate                           - Undefined Weak Reference
    _get_lc_monetary                          - Undefined Weak Reference
    _get_lc_time                              - Undefined Weak Reference
    _getenv_init                              - Undefined Weak Reference
    _handle_redirection                       - Undefined Weak Reference
    _init_alloc                               - Undefined Weak Reference
    _init_user_alloc                          - Undefined Weak Reference
    _initio                                   - Undefined Weak Reference
    _printf_mbtowc                            - Undefined Weak Reference
    _printf_wc                                - Undefined Weak Reference
    _rand_init                                - Undefined Weak Reference
    _signal_finish                            - Undefined Weak Reference
    _signal_init                              - Undefined Weak Reference
    _terminate_alloc                          - Undefined Weak Reference
    _terminate_user_alloc                     - Undefined Weak Reference
    _terminateio                              - Undefined Weak Reference
    Reset_Handler                            0x0000026d   Thumb Code     0  startup.o(RESET)
    NMI_Handler                              0x00000271   Thumb Code     2  startup.o(RESET)
    HardFault_Handler                        0x00000273   Thumb Code     2  startup.o(RESET)
    MemManage_Handler                        0x00000275   Thumb Code     2  startup.o(RESET)
    BusFault_Handler                         0x00000277   Thumb Code     2  startup.o(RESET)
    UsageFault_Handler                       0x00000279   Thumb Code     2  startup.o(RESET)
    SVC_Handler                              0x0000027b   Thumb Code     2  startup.o(RESET)
    DebugMon_Handler                         0x0000027d   Thumb Code     2  startup.o(RESET)
    PendSV_Handler                           0x0000027f   Thumb Code     2  startup.o(RESET)
    ADC0Seq0_Handler                         0x00000283   Thumb Code     0  startup.o(RESET)
    ADC0Seq1_Handler                         0x00000283   Thumb Code     0  startup.o(RESET)
    ADC0Seq2_Handler                         0x00000283   Thumb Code     0  startup.o(RESET)
    ADC0Seq3_Handler                         0x00000283   Thumb Code     0  startup.o(RESET)
    ADC1Seq0_Handler                         0x00000283   Thumb Code     0  startup.o(RESET)
    ADC1Seq1_Handler                         0x00000283   Thumb Code     0  startup.o(RESET)
    ADC1Seq2_Handler                         0x00000283   Thumb Code     0  startup.o(RESET)
    ADC1Seq3_Handler                         0x00000283   Thumb Code     0  startup.o(RESET)
    CAN0_Handler                             0x00000283   Thumb Code     0  startup.o(RESET)
    CAN1_Handler                             0x00000283   Thumb Code     0  startup.o(RESET)
    CAN2_Handler                             0x00000283   Thumb Code     0  startup.o(RESET)
    Comp0_Handler                            0x00000283   Thumb Code     0  startup.o(RESET)
    Comp1_Handler                            0x00000283   Thumb Code     0  startup.o(RESET)
    Comp2_Handler                            0x00000283   Thumb Code     0  startup.o(RESET)
    Ethernet_Handler                         0x00000283   Thumb Code     0  startup.o(RESET)
    ExtBus_Handler                           0x00000283   Thumb Code     0  startup.o(RESET)
    FPU_Handler                              0x00000283   Thumb Code     0  startup.o(RESET)
    Fan0_Handler                             0x00000283   Thumb Code     0  startup.o(RESET)
    FlashCtl_Handler                         0x00000283   Thumb Code     0  startup.o(RESET)
    GPIOPortA_Handler                        0x00000283   Thumb Code     0  startup.o(RESET)
    GPIOPortB_Handler                        0x00000283   Thumb Code     0  startup.o(RESET)
    GPIOPortC_Handler                        0x00000283   Thumb Code     0  startup.o(RESET)
    GPIOPortD_Handler                        0x00000283   Thumb Code     0  startup.o(RESET)
    GPIOPortE_Handler                        0x00000283   Thumb Code     0  startup.o(RESET)
    GPIOPortG_Handler                        0x00000283   Thumb Code     0  startup.o(RESET)
    GPIOPortH_Handler                        0x00000283   Thumb Code     0  startup.o(RESET)
    GPIOPortJ_Handler                        0x00000283   Thumb Code     0  startup.o(RESET)
    GPIOPortK_Handler                        0x00000283   Thumb Code     0  startup.o(RESET)
    GPIOPortL_Handler                        0x00000283   Thumb Code     0  startup.o(RESET)
    GPIOPortM_Handler                        0x00000283   Thumb Code     0  startup.o(RESET)
    GPIOPortN_Handler                        0x00000283   Thumb Code     0  startup.o(RESET)
    GPIOPortP1_Handler                       0x00000283   Thumb Code     0  startup.o(RESET)
    GPIOPortP2_Handler                       0x00000283   Thumb Code     0  startup.o(RESET)
    GPIOPortP3_Handler                       0x00000283   Thumb Code     0  startup.o(RESET)
    GPIOPortP4_Handler                       0x00000283   Thumb Code     0  startup.o(RESET)
    GPIOPortP5_Handler                       0x00000283   Thumb Code     0  startup.o(RESET)
    GPIOPortP6_Handler                       0x00000283   Thumb Code     0  startup.o(RESET)
    GPIOPortP7_Handler                       0x00000283   Thumb Code     0  startup.o(RESET)
    GPIOPortP_Handler                        0x00000283   Thumb Code     0  startup.o(RESET)
    GPIOPortQ1_Handler                       0x00000283   Thumb Code     0  startup.o(RESET)
    GPIOPortQ2_Handler                       0x00000283   Thumb Code     0  startup.o(RESET)
    GPIOPortQ3_Handler                       0x00000283   Thumb Code     0  startup.o(RESET)
    GPIOPortQ4_Handler                       0x00000283   Thumb Code     0  startup.o(RESET)
    GPIOPortQ5_Handler                       0x00000283   Thumb Code     0  startup.o(RESET)
    GPIOPortQ6_Handler                       0x00000283   Thumb Code     0  startup.o(RESET)
    GPIOPortQ7_Handler                       0x00000283   Thumb Code     0  startup.o(RESET)
    GPIOPortQ_Handler                        0x00000283   Thumb Code     0  startup.o(RESET)
    GPIOPortR_Handler                        0x00000283   Thumb Code     0  startup.o(RESET)
    GPIOPortS_Handler                        0x00000283   Thumb Code     0  startup.o(RESET)
    Hibernate_Handler                        0x00000283   Thumb Code     0  startup.o(RESET)
    I2C0_Handler                             0x00000283   Thumb Code     0  startup.o(RESET)
    I2C1_Handler                             0x00000283   Thumb Code     0  startup.o(RESET)
    I2C2_Handler                             0x00000283   Thumb Code     0  startup.o(RESET)
    I2C3_Handler                             0x00000283   Thumb Code     0  startup.o(RESET)
    I2C4_Handler                             0x00000283   Thumb Code     0  startup.o(RESET)
    I2C5_Handler                             0x00000283   Thumb Code     0  startup.o(RESET)
    I2S0_Handler                             0x00000283   Thumb Code     0  startup.o(RESET)
    LPC0_Handler                             0x00000283   Thumb Code     0  startup.o(RESET)
    PECI0_Handler                            0x00000283   Thumb Code     0  startup.o(RESET)
    PWM0Fault_Handler                        0x00000283   Thumb Code     0  startup.o(RESET)
    PWM0Generator0_Handler                   0x00000283   Thumb Code     0  startup.o(RESET)
    PWM0Generator1_Handler                   0x00000283   Thumb Code     0  startup.o(RESET)
    PWM0Generator2_Handler                   0x00000283   Thumb Code     0  startup.o(RESET)
    PWM0Generator3_Handler                   0x00000283   Thumb Code     0  startup.o(RESET)
    PWM1Fault_Handler                        0x00000283   Thumb Code     0  startup.o(RESET)
    PWM1Generator0_Handler                   0x00000283   Thumb Code     0  startup.o(RESET)
    PWM1Generator1_Handler                   0x00000283   Thumb Code     0  startup.o(RESET)
    PWM1Generator2_Handler                   0x00000283   Thumb Code     0  startup.o(RESET)
    PWM1Generator3_Handler                   0x00000283   Thumb Code     0  startup.o(RESET)
    Quadrature0_Handler                      0x00000283   Thumb Code     0  startup.o(RESET)
    Quadrature1_Handler                      0x00000283   Thumb Code     0  startup.o(RESET)
    Quadrature2_Handler                      0x00000283   Thumb Code     0  startup.o(RESET)
    SSI0_Handler                             0x00000283   Thumb Code     0  startup.o(RESET)
    SSI1_Handler                             0x00000283   Thumb Code     0  startup.o(RESET)
    SSI2_Handler                             0x00000283   Thumb Code     0  startup.o(RESET)
    SSI3_Handler                             0x00000283   Thumb Code     0  startup.o(RESET)
    SysCtl_Handler                           0x00000283   Thumb Code     0  startup.o(RESET)
    Timer0A_Handler                          0x00000283   Thumb Code     0  startup.o(RESET)
    Timer0B_Handler                          0x00000283   Thumb Code     0  startup.o(RESET)
    Timer1A_Handler                          0x00000283   Thumb Code     0  startup.o(RESET)
    Timer1B_Handler                          0x00000283   Thumb Code     0  startup.o(RESET)
    Timer2A_Handler                          0x00000283   Thumb Code     0  startup.o(RESET)
    Timer2B_Handler                          0x00000283   Thumb Code     0  startup.o(RESET)
    Timer3A_Handler                          0x00000283   Thumb Code     0  startup.o(RESET)
    Timer3B_Handler                          0x00000283   Thumb Code     0  startup.o(RESET)
    Timer4A_Handler                          0x00000283   Thumb Code     0  startup.o(RESET)
    Timer4B_Handler                          0x00000283   Thumb Code     0  startup.o(RESET)
    Timer5A_Handler                          0x00000283   Thumb Code     0  startup.o(RESET)
    Timer5B_Handler                          0x00000283   Thumb Code     0  startup.o(RESET)
    UART0_Handler                            0x00000283   Thumb Code     0  startup.o(RESET)
    UART1_Handler                            0x00000283   Thumb Code     0  startup.o(RESET)
    UART2_Handler                            0x00000283   Thumb Code     0  startup.o(RESET)
    UART3_Handler                            0x00000283   Thumb Code     0  startup.o(RESET)
    UART4_Handler                            0x00000283   Thumb Code     0  startup.o(RESET)
    UART5_Handler                            0x00000283   Thumb Code     0  startup.o(RESET)
    UART6_Handler                            0x00000283   Thumb Code     0  startup.o(RESET)
    UART7_Handler                            0x00000283   Thumb Code     0  startup.o(RESET)
    USB0_Handler                             0x00000283   Thumb Code     0  startup.o(RESET)
    WDT_Handler                              0x00000283   Thumb Code     0  startup.o(RESET)
    WideTimer0A_Handler                      0x00000283   Thumb Code     0  startup.o(RESET)
    WideTimer0B_Handler                      0x00000283   Thumb Code     0  startup.o(RESET)
    WideTimer1A_Handler                      0x00000283   Thumb Code     0  startup.o(RESET)
    WideTimer1B_Handler                      0x00000283   Thumb Code     0  startup.o(RESET)
    WideTimer2A_Handler                      0x00000283   Thumb Code     0  startup.o(RESET)
    WideTimer2B_Handler                      0x00000283   Thumb Code     0  startup.o(RESET)
    WideTimer3A_Handler                      0x00000283   Thumb Code     0  startup.o(RESET)
    WideTimer3B_Handler                      0x00000283   Thumb Code     0  startup.o(RESET)
    WideTimer4A_Handler                      0x00000283   Thumb Code     0  startup.o(RESET)
    WideTimer4B_Handler                      0x00000283   Thumb Code     0  startup.o(RESET)
    WideTimer5A_Handler                      0x00000283   Thumb Code     0  startup.o(RESET)
    WideTimer5B_Handler                      0x00000283   Thumb Code     0  startup.o(RESET)
    uDMA_Error                               0x00000283   Thumb Code     0  startup.o(RESET)
    uDMA_Handler                             0x00000283   Thumb Code     0  startup.o(RESET)
    __main                                   0x00000285   Thumb Code     8  __main.o(!!!main)
    __scatterload                            0x0000028d   Thumb Code     0  __scatter.o(!!!scatter)
    __scatterload_rt2                        0x0000028d   Thumb Code    84  __scatter.o(!!!scatter)
    __scatterload_rt2_thumb_only             0x0000028d   Thumb Code     0  __scatter.o(!!!scatter)
    __scatterload_loop                       0x00000297   Thumb Code     0  __scatter.o(!!!scatter)
    __scatterload_null                       0x000002e9   Thumb Code     2  __scatter.o(!!handler_null)
    __scatterload_zeroinit                   0x000002ed   Thumb Code    28  __scatter_zi.o(!!handler_zi)
    _printf_n                                0x00000309   Thumb Code     0  _printf_n.o(.ARM.Collect$$_printf_percent$$00000001)
    _printf_percent                          0x00000309   Thumb Code     0  _printf_percent.o(.ARM.Collect$$_printf_percent$$00000000)
    _printf_p                                0x0000030f   Thumb Code     0  _printf_p.o(.ARM.Collect$$_printf_percent$$00000002)
    _printf_f                                0x00000315   Thumb Code     0  _printf_f.o(.ARM.Collect$$_printf_percent$$00000003)
    _printf_e                                0x0000031b   Thumb Code     0  _printf_e.o(.ARM.Collect$$_printf_percent$$00000004)
    _printf_g                                0x00000321   Thumb Code     0  _printf_g.o(.ARM.Collect$$_printf_percent$$00000005)
    _printf_a                                0x00000327   Thumb Code     0  _printf_a.o(.ARM.Collect$$_printf_percent$$00000006)
    _printf_ll                               0x0000032d   Thumb Code     0  _printf_ll.o(.ARM.Collect$$_printf_percent$$00000007)
    _printf_i                                0x00000337   Thumb Code     0  _printf_i.o(.ARM.Collect$$_printf_percent$$00000008)
    _printf_d                                0x0000033d   Thumb Code     0  _printf_d.o(.ARM.Collect$$_printf_percent$$00000009)
    _printf_u                                0x00000343   Thumb Code     0  _printf_u.o(.ARM.Collect$$_printf_percent$$0000000A)
    _printf_o                                0x00000349   Thumb Code     0  _printf_o.o(.ARM.Collect$$_printf_percent$$0000000B)
    _printf_x                                0x0000034f   Thumb Code     0  _printf_x.o(.ARM.Collect$$_printf_percent$$0000000C)
    _printf_lli                              0x00000355   Thumb Code     0  _printf_lli.o(.ARM.Collect$$_printf_percent$$0000000D)
    _printf_lld                              0x0000035b   Thumb Code     0  _printf_lld.o(.ARM.Collect$$_printf_percent$$0000000E)
    _printf_llu                              0x00000361   Thumb Code     0  _printf_llu.o(.ARM.Collect$$_printf_percent$$0000000F)
    _printf_llo                              0x00000367   Thumb Code     0  _printf_llo.o(.ARM.Collect$$_printf_percent$$00000010)
    _printf_llx                              0x0000036d   Thumb Code     0  _printf_llx.o(.ARM.Collect$$_printf_percent$$00000011)
    _printf_l                                0x00000373   Thumb Code     0  _printf_l.o(.ARM.Collect$$_printf_percent$$00000012)
    _printf_c                                0x0000037d   Thumb Code     0  _printf_c.o(.ARM.Collect$$_printf_percent$$00000013)
    _printf_s                                0x00000383   Thumb Code     0  _printf_s.o(.ARM.Collect$$_printf_percent$$00000014)
    _printf_lc                               0x00000389   Thumb Code     0  _printf_lc.o(.ARM.Collect$$_printf_percent$$00000015)
    _printf_ls                               0x0000038f   Thumb Code     0  _printf_ls.o(.ARM.Collect$$_printf_percent$$00000016)
    _printf_percent_end                      0x00000395   Thumb Code     0  _printf_percent_end.o(.ARM.Collect$$_printf_percent$$00000017)
    __rt_lib_init                            0x00000399   Thumb Code     0  libinit.o(.ARM.Collect$$libinit$$00000000)
    __rt_lib_init_fp_1                       0x0000039b   Thumb Code     0  libinit2.o(.ARM.Collect$$libinit$$00000002)
    __rt_lib_init_heap_1                     0x0000039b   Thumb Code     0  libinit2.o(.ARM.Collect$$libinit$$0000000C)
    __rt_lib_init_lc_common                  0x0000039b   Thumb Code     0  libinit2.o(.ARM.Collect$$libinit$$00000011)
    __rt_lib_init_preinit_1                  0x0000039b   Thumb Code     0  libinit2.o(.ARM.Collect$$libinit$$00000006)
    __rt_lib_init_rand_1                     0x0000039b   Thumb Code     0  libinit2.o(.ARM.Collect$$libinit$$00000010)
    __rt_lib_init_relocate_pie_1             0x0000039b   Thumb Code     0  libinit2.o(.ARM.Collect$$libinit$$00000004)
    __rt_lib_init_user_alloc_1               0x0000039b   Thumb Code     0  libinit2.o(.ARM.Collect$$libinit$$0000000E)
    __rt_lib_init_lc_collate_1               0x000003a1   Thumb Code     0  libinit2.o(.ARM.Collect$$libinit$$00000013)
    __rt_lib_init_lc_ctype_2                 0x000003a1   Thumb Code     0  libinit2.o(.ARM.Collect$$libinit$$00000014)
    __rt_lib_init_lc_ctype_1                 0x000003ad   Thumb Code     0  libinit2.o(.ARM.Collect$$libinit$$00000015)
    __rt_lib_init_lc_monetary_1              0x000003ad   Thumb Code     0  libinit2.o(.ARM.Collect$$libinit$$00000017)
    __rt_lib_init_lc_numeric_2               0x000003ad   Thumb Code     0  libinit2.o(.ARM.Collect$$libinit$$00000018)
    __rt_lib_init_alloca_1                   0x000003b7   Thumb Code     0  libinit2.o(.ARM.Collect$$libinit$$00000030)
    __rt_lib_init_argv_1                     0x000003b7   Thumb Code     0  libinit2.o(.ARM.Collect$$libinit$$0000002E)
    __rt_lib_init_atexit_1                   0x000003b7   Thumb Code     0  libinit2.o(.ARM.Collect$$libinit$$0000001D)
    __rt_lib_init_clock_1                    0x000003b7   Thumb Code     0  libinit2.o(.ARM.Collect$$libinit$$00000023)
    __rt_lib_init_cpp_1                      0x000003b7   Thumb Code     0  libinit2.o(.ARM.Collect$$libinit$$00000034)
    __rt_lib_init_exceptions_1               0x000003b7   Thumb Code     0  libinit2.o(.ARM.Collect$$libinit$$00000032)
    __rt_lib_init_fp_trap_1                  0x000003b7   Thumb Code     0  libinit2.o(.ARM.Collect$$libinit$$00000021)
    __rt_lib_init_getenv_1                   0x000003b7   Thumb Code     0  libinit2.o(.ARM.Collect$$libinit$$00000025)
    __rt_lib_init_lc_numeric_1               0x000003b7   Thumb Code     0  libinit2.o(.ARM.Collect$$libinit$$00000019)
    __rt_lib_init_lc_time_1                  0x000003b7   Thumb Code     0  libinit2.o(.ARM.Collect$$libinit$$0000001B)
    __rt_lib_init_return                     0x000003b7   Thumb Code     0  libinit2.o(.ARM.Collect$$libinit$$00000035)
    __rt_lib_init_signal_1                   0x000003b7   Thumb Code     0  libinit2.o(.ARM.Collect$$libinit$$0000001F)
    __rt_lib_init_stdio_1                    0x000003b7   Thumb Code     0  libinit2.o(.ARM.Collect$$libinit$$00000027)
    __rt_lib_shutdown                        0x000003b9   Thumb Code     0  libshutdown.o(.ARM.Collect$$libshutdown$$00000000)
    __rt_lib_shutdown_cpp_1                  0x000003bb   Thumb Code     0  libshutdown2.o(.ARM.Collect$$libshutdown$$00000002)
    __rt_lib_shutdown_fp_trap_1              0x000003bb   Thumb Code     0  libshutdown2.o(.ARM.Collect$$libshutdown$$00000007)
    __rt_lib_shutdown_heap_1                 0x000003bb   Thumb Code     0  libshutdown2.o(.ARM.Collect$$libshutdown$$0000000F)
    __rt_lib_shutdown_return                 0x000003bb   Thumb Code     0  libshutdown2.o(.ARM.Collect$$libshutdown$$00000010)
    __rt_lib_shutdown_signal_1               0x000003bb   Thumb Code     0  libshutdown2.o(.ARM.Collect$$libshutdown$$0000000A)
    __rt_lib_shutdown_stdio_1                0x000003bb   Thumb Code     0  libshutdown2.o(.ARM.Collect$$libshutdown$$00000004)
    __rt_lib_shutdown_user_alloc_1           0x000003bb   Thumb Code     0  libshutdown2.o(.ARM.Collect$$libshutdown$$0000000C)
    __rt_entry                               0x000003bd   Thumb Code     0  __rtentry.o(.ARM.Collect$$rtentry$$00000000)
    __rt_entry_presh_1                       0x000003bd   Thumb Code     0  __rtentry2.o(.ARM.Collect$$rtentry$$00000002)
    __rt_entry_sh                            0x000003bd   Thumb Code     0  __rtentry4.o(.ARM.Collect$$rtentry$$00000004)
    __rt_entry_li                            0x000003c3   Thumb Code     0  __rtentry2.o(.ARM.Collect$$rtentry$$0000000A)
    __rt_entry_postsh_1                      0x000003c3   Thumb Code     0  __rtentry2.o(.ARM.Collect$$rtentry$$00000009)
    __rt_entry_main                          0x000003c7   Thumb Code     0  __rtentry2.o(.ARM.Collect$$rtentry$$0000000D)
    __rt_entry_postli_1                      0x000003c7   Thumb Code     0  __rtentry2.o(.ARM.Collect$$rtentry$$0000000C)
    __rt_exit                                0x000003cf   Thumb Code     0  rtexit.o(.ARM.Collect$$rtexit$$00000000)
    __rt_exit_ls                             0x000003d1   Thumb Code     0  rtexit2.o(.ARM.Collect$$rtexit$$00000003)
    __rt_exit_prels_1                        0x000003d1   Thumb Code     0  rtexit2.o(.ARM.Collect$$rtexit$$00000002)
    __rt_exit_exit                           0x000003d5   Thumb Code     0  rtexit2.o(.ARM.Collect$$rtexit$$00000004)
    DisableInterrupts                        0x000003dd   Thumb Code     0  startup.o(.text)
    EnableInterrupts                         0x000003e1   Thumb Code     0  startup.o(.text)
    StartCritical                            0x000003e5   Thumb Code     0  startup.o(.text)
    EndCritical                              0x000003ed   Thumb Code     0  startup.o(.text)
    WaitForInterrupt                         0x000003f3   Thumb Code     0  startup.o(.text)
    __user_initial_stackheap                 0x000003f7   Thumb Code     0  startup.o(.text)
    sprintf                                  0x0000040d   Thumb Code    38  sprintf.o(.text)
    __use_two_region_memory                  0x00000439   Thumb Code     2  heapauxi.o(.text)
    __rt_heap_escrow$2region                 0x0000043b   Thumb Code     2  heapauxi.o(.text)
    __rt_heap_expand$2region                 0x0000043d   Thumb Code     2  heapauxi.o(.text)
    _printf_pre_padding                      0x0000043f   Thumb Code    44  _printf_pad.o(.text)
    _printf_post_padding                     0x0000046b   Thumb Code    34  _printf_pad.o(.text)
    _printf_truncate_signed                  0x0000048d   Thumb Code    18  _printf_truncate.o(.text)
    _printf_truncate_unsigned                0x0000049f   Thumb Code    18  _printf_truncate.o(.text)
    _printf_str                              0x000004b1   Thumb Code    82  _printf_str.o(.text)
    _printf_int_dec                          0x00000505   Thumb Code   104  _printf_dec.o(.text)
    _printf_charcount                        0x0000057d   Thumb Code    40  _printf_charcount.o(.text)
    _printf_char_common                      0x000005af   Thumb Code    32  _printf_char_common.o(.text)
    _sputc                                   0x000005d5   Thumb Code    10  _sputc.o(.text)
    _printf_wctomb                           0x000005e1   Thumb Code   182  _printf_wctomb.o(.text)
    _printf_longlong_dec                     0x0000069d   Thumb Code   108  _printf_longlong_dec.o(.text)
    _printf_longlong_oct                     0x00000719   Thumb Code    68  _printf_oct_int_ll.o(.text)
    _printf_int_oct                          0x0000075d   Thumb Code    24  _printf_oct_int_ll.o(.text)
    _printf_ll_oct                           0x00000775   Thumb Code    12  _printf_oct_int_ll.o(.text)
    _printf_longlong_hex                     0x00000789   Thumb Code    86  _printf_hex_int_ll_ptr.o(.text)
    _printf_int_hex                          0x000007df   Thumb Code    28  _printf_hex_int_ll_ptr.o(.text)
    _printf_ll_hex                           0x000007fb   Thumb Code    12  _printf_hex_int_ll_ptr.o(.text)
    _printf_hex_ptr                          0x00000807   Thumb Code    18  _printf_hex_int_ll_ptr.o(.text)
    __printf                                 0x0000081d   Thumb Code   388  __printf_flags_ss_wp.o(.text)
    _ll_udiv10                               0x000009a5   Thumb Code   138  lludiv10.o(.text)
    _printf_int_common                       0x00000a2f   Thumb Code   178  _printf_intcommon.o(.text)
    _printf_fp_dec_real                      0x00000c91   Thumb Code   620  _printf_fp_dec.o(.text)
    _printf_fp_hex_real                      0x00000efd   Thumb Code   756  _printf_fp_hex.o(.text)
    _printf_cs_common                        0x000011f9   Thumb Code    20  _printf_char.o(.text)
    _printf_char                             0x0000120d   Thumb Code    16  _printf_char.o(.text)
    _printf_string                           0x0000121d   Thumb Code     8  _printf_char.o(.text)
    _printf_lcs_common                       0x00001225   Thumb Code    20  _printf_wchar.o(.text)
    _printf_wchar                            0x00001239   Thumb Code    16  _printf_wchar.o(.text)
    _printf_wstring                          0x00001249   Thumb Code     8  _printf_wchar.o(.text)
    _c16rtomb                                0x00001251   Thumb Code    72  _c16rtomb.o(.text)
    _wcrtomb                                 0x00001251   Thumb Code     0  _c16rtomb.o(.text)
    __user_setup_stackheap                   0x00001299   Thumb Code    74  sys_stackheap_outer.o(.text)
    __rt_ctype_table                         0x000012e5   Thumb Code    16  rt_ctype_table.o(.text)
    __rt_locale                              0x000012f5   Thumb Code     8  rt_locale_intlibspace.o(.text)
    _printf_fp_infnan                        0x000012fd   Thumb Code   112  _printf_fp_infnan.o(.text)
    _btod_etento                             0x0000137d   Thumb Code   224  bigflt0.o(.text)
    exit                                     0x00001461   Thumb Code    18  exit.o(.text)
    __user_libspace                          0x00001475   Thumb Code     8  libspace.o(.text)
    __user_perproc_libspace                  0x00001475   Thumb Code     0  libspace.o(.text)
    __user_perthread_libspace                0x00001475   Thumb Code     0  libspace.o(.text)
    strcmp                                   0x00001481   Thumb Code   124  strcmpv7em.o(.text)
    _sys_exit                                0x000014fd   Thumb Code     8  sys_exit.o(.text)
    __I$use$semihosting                      0x00001509   Thumb Code     0  use_no_semi.o(.text)
    __use_no_semihosting_swi                 0x00001509   Thumb Code     2  use_no_semi.o(.text)
    __semihosting_library_function           0x0000150b   Thumb Code     0  indicate_semi.o(.text)
    ADC1SS3_In                               0x0000150d   Thumb Code    84  adc1ss3.o(.text.ADC1SS3_In)
    ADC1SS3_Init                             0x00001561   Thumb Code   252  adc1ss3.o(.text.ADC1SS3_Init)
    ADCValue_To_X_AXIS                       0x0000165d   Thumb Code    76  adc1ss3.o(.text.ADCValue_To_X_AXIS)
    Draw                                     0x000016a9   Thumb Code   256  spaceinvadersv3.o(.text.Draw)
    End_Prompt                               0x000017a9   Thumb Code    84  spaceinvadersv3.o(.text.End_Prompt)
    GPIOPortF_Handler                        0x000017fd   Thumb Code   208  spaceinvadersv3.o(.text.GPIOPortF_Handler)
    Game_Init                                0x000018cd   Thumb Code   228  spaceinvadersv3.o(.text.Game_Init)
    Move                                     0x000019b1   Thumb Code   912  spaceinvadersv3.o(.text.Move)
    Nokia5110_Clear                          0x00001d41   Thumb Code    50  nokia5110.o(.text.Nokia5110_Clear)
    Nokia5110_ClearBuffer                    0x00001d75   Thumb Code    46  nokia5110.o(.text.Nokia5110_ClearBuffer)
    Nokia5110_DisplayBuffer                  0x00001da5   Thumb Code    16  nokia5110.o(.text.Nokia5110_DisplayBuffer)
    Nokia5110_DrawFullImage                  0x00001db5   Thumb Code    58  nokia5110.o(.text.Nokia5110_DrawFullImage)
    Nokia5110_Init                           0x00001df1   Thumb Code   396  nokia5110.o(.text.Nokia5110_Init)
    Nokia5110_OutChar                        0x00001f7d   Thumb Code    86  nokia5110.o(.text.Nokia5110_OutChar)
    Nokia5110_OutString                      0x00001fd5   Thumb Code    36  nokia5110.o(.text.Nokia5110_OutString)
    Nokia5110_PrintBMP                       0x00001ff9   Thumb Code   518  nokia5110.o(.text.Nokia5110_PrintBMP)
    Nokia5110_SetCursor                      0x00002201   Thumb Code    78  nokia5110.o(.text.Nokia5110_SetCursor)
    PLL_Init                                 0x00002251   Thumb Code   132  pll.o(.text.PLL_Init)
    Start_Prompt                             0x000022d5   Thumb Code    68  spaceinvadersv3.o(.text.Start_Prompt)
    Switch_Init                              0x00002319   Thumb Code   306  switch.o(.text.Switch_Init)
    SysTickDelay3s                           0x0000244d   Thumb Code    62  systick.o(.text.SysTickDelay3s)
    SysTick_Handler                          0x0000248d   Thumb Code    14  spaceinvadersv3.o(.text.SysTick_Handler)
    SysTick_Init                             0x0000249d   Thumb Code    46  systick.o(.text.SysTick_Init)
    System_Init                              0x000024cd   Thumb Code    40  spaceinvadersv3.o(.text.System_Init)
    main                                     0x00002585   Thumb Code   114  spaceinvadersv3.o(.text.main)
    _btod_d2e                                0x000025f7   Thumb Code    62  btod.o(CL$$btod_d2e)
    _d2e_denorm_low                          0x00002635   Thumb Code    70  btod.o(CL$$btod_d2e_denorm_low)
    _d2e_norm_op1                            0x0000267b   Thumb Code    96  btod.o(CL$$btod_d2e_norm_op1)
    __btod_div_common                        0x000026dd   Thumb Code   696  btod.o(CL$$btod_div_common)
    _e2e                                     0x00002a15   Thumb Code   220  btod.o(CL$$btod_e2e)
    _btod_ediv                               0x00002af1   Thumb Code    42  btod.o(CL$$btod_ediv)
    _btod_emul                               0x00002b1b   Thumb Code    42  btod.o(CL$$btod_emul)
    __btod_mult_common                       0x00002b45   Thumb Code   580  btod.o(CL$$btod_mult_common)
    __ARM_fpclassify                         0x00002d89   Thumb Code    40  fpclassify.o(i.__ARM_fpclassify)
    _is_digit                                0x00002db1   Thumb Code    14  __printf_wp.o(i._is_digit)
    _get_lc_numeric                          0x00002dc1   Thumb Code    44  lc_numeric_c.o(locale$$code)
    _get_lc_ctype                            0x00002ded   Thumb Code    44  lc_ctype_c.o(locale$$code)
    _printf_fp_dec                           0x00002e19   Thumb Code     4  printf1.o(x$fpl$printf1)
    _printf_fp_hex                           0x00002e1d   Thumb Code     4  printf2.o(x$fpl$printf2)
    __I$use$fp                               0x00002e20   Number         0  usenofp.o(x$fpl$usenofp)
    Missile0                                 0x000030fc   Data         155  spaceinvadersv3.o(.rodata.Missile0)
    PlayerShip0                              0x00003197   Data         215  spaceinvadersv3.o(.rodata.PlayerShip0)
    SmallEnemyPointA                         0x0000326e   Data         600  spaceinvadersv3.o(.rodata.SmallEnemyPointA)
    SmallEnemyPointB                         0x000034c6   Data         600  spaceinvadersv3.o(.rodata.SmallEnemyPointB)
    SmallExplosion0                          0x0000371e   Data         199  spaceinvadersv3.o(.rodata.SmallExplosion0)
    Region$$Table$$Base                      0x00003850   Number         0  anon$$obj.o(Region$$Table)
    Region$$Table$$Limit                     0x00003860   Number         0  anon$$obj.o(Region$$Table)
    __ctype                                  0x00003889   Data           0  lc_ctype_c.o(locale$$data)
    __libspace_start                         0x20000000   Data          96  libspace.o(.bss)
    Bullet                                   0x20000060   Data          12  spaceinvadersv3.o(.bss.Bullet)
    __temporary_stack_top$libspace           0x20000060   Data           0  libspace.o(.bss)
    Enemy                                    0x2000006c   Data          36  spaceinvadersv3.o(.bss.Enemy)
    ExplosionTimer                           0x20000090   Data           3  spaceinvadersv3.o(.bss.ExplosionTimer)
    PlayerShip                               0x20000094   Data          12  spaceinvadersv3.o(.bss.PlayerShip)
    Screen                                   0x200000a0   Data         504  nokia5110.o(.bss.Screen)
    game_s                                   0x20000298   Data           1  spaceinvadersv3.o(.bss.game_s)
    score                                    0x20000299   Data           1  spaceinvadersv3.o(.bss.score)
    time_to_draw                             0x2000029a   Data           1  spaceinvadersv3.o(.bss.time_to_draw)



==============================================================================

Memory Map of the image

  Image Entry point : 0x0000026d

  Load Region LR_1 (Base: 0x00000000, Size: 0x0000398c, Max: 0xffffffff, ABSOLUTE)

    Execution Region ER_RO (Exec base: 0x00000000, Load base: 0x00000000, Size: 0x0000398c, Max: 0xffffffff, ABSOLUTE)

    Exec Addr    Load Addr    Size         Type   Attr      Idx    E Section Name        Object

    0x00000000   0x00000000   0x00000284   Code   RO            3  * RESET               startup.o
    0x00000284   0x00000284   0x00000008   Code   RO          141  * !!!main             c_w.l(__main.o)
    0x0000028c   0x0000028c   0x0000005c   Code   RO          478    !!!scatter          c_w.l(__scatter.o)
    0x000002e8   0x000002e8   0x00000002   Code   RO          479    !!handler_null      c_w.l(__scatter.o)
    0x000002ea   0x000002ea   0x00000002   PAD
    0x000002ec   0x000002ec   0x0000001c   Code   RO          482    !!handler_zi        c_w.l(__scatter_zi.o)
    0x00000308   0x00000308   0x00000000   Code   RO          225    .ARM.Collect$$_printf_percent$$00000000  c_w.l(_printf_percent.o)
    0x00000308   0x00000308   0x00000006   Code   RO          214    .ARM.Collect$$_printf_percent$$00000001  c_w.l(_printf_n.o)
    0x0000030e   0x0000030e   0x00000006   Code   RO          216    .ARM.Collect$$_printf_percent$$00000002  c_w.l(_printf_p.o)
    0x00000314   0x00000314   0x00000006   Code   RO          221    .ARM.Collect$$_printf_percent$$00000003  c_w.l(_printf_f.o)
    0x0000031a   0x0000031a   0x00000006   Code   RO          222    .ARM.Collect$$_printf_percent$$00000004  c_w.l(_printf_e.o)
    0x00000320   0x00000320   0x00000006   Code   RO          223    .ARM.Collect$$_printf_percent$$00000005  c_w.l(_printf_g.o)
    0x00000326   0x00000326   0x00000006   Code   RO          224    .ARM.Collect$$_printf_percent$$00000006  c_w.l(_printf_a.o)
    0x0000032c   0x0000032c   0x0000000a   Code   RO          229    .ARM.Collect$$_printf_percent$$00000007  c_w.l(_printf_ll.o)
    0x00000336   0x00000336   0x00000006   Code   RO          218    .ARM.Collect$$_printf_percent$$00000008  c_w.l(_printf_i.o)
    0x0000033c   0x0000033c   0x00000006   Code   RO          219    .ARM.Collect$$_printf_percent$$00000009  c_w.l(_printf_d.o)
    0x00000342   0x00000342   0x00000006   Code   RO          220    .ARM.Collect$$_printf_percent$$0000000A  c_w.l(_printf_u.o)
    0x00000348   0x00000348   0x00000006   Code   RO          217    .ARM.Collect$$_printf_percent$$0000000B  c_w.l(_printf_o.o)
    0x0000034e   0x0000034e   0x00000006   Code   RO          215    .ARM.Collect$$_printf_percent$$0000000C  c_w.l(_printf_x.o)
    0x00000354   0x00000354   0x00000006   Code   RO          226    .ARM.Collect$$_printf_percent$$0000000D  c_w.l(_printf_lli.o)
    0x0000035a   0x0000035a   0x00000006   Code   RO          227    .ARM.Collect$$_printf_percent$$0000000E  c_w.l(_printf_lld.o)
    0x00000360   0x00000360   0x00000006   Code   RO          228    .ARM.Collect$$_printf_percent$$0000000F  c_w.l(_printf_llu.o)
    0x00000366   0x00000366   0x00000006   Code   RO          233    .ARM.Collect$$_printf_percent$$00000010  c_w.l(_printf_llo.o)
    0x0000036c   0x0000036c   0x00000006   Code   RO          234    .ARM.Collect$$_printf_percent$$00000011  c_w.l(_printf_llx.o)
    0x00000372   0x00000372   0x0000000a   Code   RO          230    .ARM.Collect$$_printf_percent$$00000012  c_w.l(_printf_l.o)
    0x0000037c   0x0000037c   0x00000006   Code   RO          212    .ARM.Collect$$_printf_percent$$00000013  c_w.l(_printf_c.o)
    0x00000382   0x00000382   0x00000006   Code   RO          213    .ARM.Collect$$_printf_percent$$00000014  c_w.l(_printf_s.o)
    0x00000388   0x00000388   0x00000006   Code   RO          231    .ARM.Collect$$_printf_percent$$00000015  c_w.l(_printf_lc.o)
    0x0000038e   0x0000038e   0x00000006   Code   RO          232    .ARM.Collect$$_printf_percent$$00000016  c_w.l(_printf_ls.o)
    0x00000394   0x00000394   0x00000004   Code   RO          275    .ARM.Collect$$_printf_percent$$00000017  c_w.l(_printf_percent_end.o)
    0x00000398   0x00000398   0x00000002   Code   RO          326    .ARM.Collect$$libinit$$00000000  c_w.l(libinit.o)
    0x0000039a   0x0000039a   0x00000000   Code   RO          345    .ARM.Collect$$libinit$$00000002  c_w.l(libinit2.o)
    0x0000039a   0x0000039a   0x00000000   Code   RO          347    .ARM.Collect$$libinit$$00000004  c_w.l(libinit2.o)
    0x0000039a   0x0000039a   0x00000000   Code   RO          349    .ARM.Collect$$libinit$$00000006  c_w.l(libinit2.o)
    0x0000039a   0x0000039a   0x00000000   Code   RO          352    .ARM.Collect$$libinit$$0000000C  c_w.l(libinit2.o)
    0x0000039a   0x0000039a   0x00000000   Code   RO          354    .ARM.Collect$$libinit$$0000000E  c_w.l(libinit2.o)
    0x0000039a   0x0000039a   0x00000000   Code   RO          356    .ARM.Collect$$libinit$$00000010  c_w.l(libinit2.o)
    0x0000039a   0x0000039a   0x00000006   Code   RO          357    .ARM.Collect$$libinit$$00000011  c_w.l(libinit2.o)
    0x000003a0   0x000003a0   0x00000000   Code   RO          359    .ARM.Collect$$libinit$$00000013  c_w.l(libinit2.o)
    0x000003a0   0x000003a0   0x0000000c   Code   RO          360    .ARM.Collect$$libinit$$00000014  c_w.l(libinit2.o)
    0x000003ac   0x000003ac   0x00000000   Code   RO          361    .ARM.Collect$$libinit$$00000015  c_w.l(libinit2.o)
    0x000003ac   0x000003ac   0x00000000   Code   RO          363    .ARM.Collect$$libinit$$00000017  c_w.l(libinit2.o)
    0x000003ac   0x000003ac   0x0000000a   Code   RO          364    .ARM.Collect$$libinit$$00000018  c_w.l(libinit2.o)
    0x000003b6   0x000003b6   0x00000000   Code   RO          365    .ARM.Collect$$libinit$$00000019  c_w.l(libinit2.o)
    0x000003b6   0x000003b6   0x00000000   Code   RO          367    .ARM.Collect$$libinit$$0000001B  c_w.l(libinit2.o)
    0x000003b6   0x000003b6   0x00000000   Code   RO          369    .ARM.Collect$$libinit$$0000001D  c_w.l(libinit2.o)
    0x000003b6   0x000003b6   0x00000000   Code   RO          371    .ARM.Collect$$libinit$$0000001F  c_w.l(libinit2.o)
    0x000003b6   0x000003b6   0x00000000   Code   RO          373    .ARM.Collect$$libinit$$00000021  c_w.l(libinit2.o)
    0x000003b6   0x000003b6   0x00000000   Code   RO          375    .ARM.Collect$$libinit$$00000023  c_w.l(libinit2.o)
    0x000003b6   0x000003b6   0x00000000   Code   RO          377    .ARM.Collect$$libinit$$00000025  c_w.l(libinit2.o)
    0x000003b6   0x000003b6   0x00000000   Code   RO          379    .ARM.Collect$$libinit$$00000027  c_w.l(libinit2.o)
    0x000003b6   0x000003b6   0x00000000   Code   RO          383    .ARM.Collect$$libinit$$0000002E  c_w.l(libinit2.o)
    0x000003b6   0x000003b6   0x00000000   Code   RO          385    .ARM.Collect$$libinit$$00000030  c_w.l(libinit2.o)
    0x000003b6   0x000003b6   0x00000000   Code   RO          387    .ARM.Collect$$libinit$$00000032  c_w.l(libinit2.o)
    0x000003b6   0x000003b6   0x00000000   Code   RO          389    .ARM.Collect$$libinit$$00000034  c_w.l(libinit2.o)
    0x000003b6   0x000003b6   0x00000002   Code   RO          390    .ARM.Collect$$libinit$$00000035  c_w.l(libinit2.o)
    0x000003b8   0x000003b8   0x00000002   Code   RO          414    .ARM.Collect$$libshutdown$$00000000  c_w.l(libshutdown.o)
    0x000003ba   0x000003ba   0x00000000   Code   RO          429    .ARM.Collect$$libshutdown$$00000002  c_w.l(libshutdown2.o)
    0x000003ba   0x000003ba   0x00000000   Code   RO          431    .ARM.Collect$$libshutdown$$00000004  c_w.l(libshutdown2.o)
    0x000003ba   0x000003ba   0x00000000   Code   RO          434    .ARM.Collect$$libshutdown$$00000007  c_w.l(libshutdown2.o)
    0x000003ba   0x000003ba   0x00000000   Code   RO          437    .ARM.Collect$$libshutdown$$0000000A  c_w.l(libshutdown2.o)
    0x000003ba   0x000003ba   0x00000000   Code   RO          439    .ARM.Collect$$libshutdown$$0000000C  c_w.l(libshutdown2.o)
    0x000003ba   0x000003ba   0x00000000   Code   RO          442    .ARM.Collect$$libshutdown$$0000000F  c_w.l(libshutdown2.o)
    0x000003ba   0x000003ba   0x00000002   Code   RO          443    .ARM.Collect$$libshutdown$$00000010  c_w.l(libshutdown2.o)
    0x000003bc   0x000003bc   0x00000000   Code   RO          143    .ARM.Collect$$rtentry$$00000000  c_w.l(__rtentry.o)
    0x000003bc   0x000003bc   0x00000000   Code   RO          244    .ARM.Collect$$rtentry$$00000002  c_w.l(__rtentry2.o)
    0x000003bc   0x000003bc   0x00000006   Code   RO          256    .ARM.Collect$$rtentry$$00000004  c_w.l(__rtentry4.o)
    0x000003c2   0x000003c2   0x00000000   Code   RO          246    .ARM.Collect$$rtentry$$00000009  c_w.l(__rtentry2.o)
    0x000003c2   0x000003c2   0x00000004   Code   RO          247    .ARM.Collect$$rtentry$$0000000A  c_w.l(__rtentry2.o)
    0x000003c6   0x000003c6   0x00000000   Code   RO          249    .ARM.Collect$$rtentry$$0000000C  c_w.l(__rtentry2.o)
    0x000003c6   0x000003c6   0x00000008   Code   RO          250    .ARM.Collect$$rtentry$$0000000D  c_w.l(__rtentry2.o)
    0x000003ce   0x000003ce   0x00000002   Code   RO          335    .ARM.Collect$$rtexit$$00000000  c_w.l(rtexit.o)
    0x000003d0   0x000003d0   0x00000000   Code   RO          392    .ARM.Collect$$rtexit$$00000002  c_w.l(rtexit2.o)
    0x000003d0   0x000003d0   0x00000004   Code   RO          393    .ARM.Collect$$rtexit$$00000003  c_w.l(rtexit2.o)
    0x000003d4   0x000003d4   0x00000006   Code   RO          394    .ARM.Collect$$rtexit$$00000004  c_w.l(rtexit2.o)
    0x000003da   0x000003da   0x00000002   PAD
    0x000003dc   0x000003dc   0x00000030   Code   RO            4    .text               startup.o
    0x0000040c   0x0000040c   0x0000002c   Code   RO          137    .text               c_w.l(sprintf.o)
    0x00000438   0x00000438   0x00000006   Code   RO          139    .text               c_w.l(heapauxi.o)
    0x0000043e   0x0000043e   0x0000004e   Code   RO          146    .text               c_w.l(_printf_pad.o)
    0x0000048c   0x0000048c   0x00000024   Code   RO          148    .text               c_w.l(_printf_truncate.o)
    0x000004b0   0x000004b0   0x00000052   Code   RO          150    .text               c_w.l(_printf_str.o)
    0x00000502   0x00000502   0x00000002   PAD
    0x00000504   0x00000504   0x00000078   Code   RO          152    .text               c_w.l(_printf_dec.o)
    0x0000057c   0x0000057c   0x00000028   Code   RO          154    .text               c_w.l(_printf_charcount.o)
    0x000005a4   0x000005a4   0x00000030   Code   RO          156    .text               c_w.l(_printf_char_common.o)
    0x000005d4   0x000005d4   0x0000000a   Code   RO          158    .text               c_w.l(_sputc.o)
    0x000005de   0x000005de   0x00000002   PAD
    0x000005e0   0x000005e0   0x000000bc   Code   RO          160    .text               c_w.l(_printf_wctomb.o)
    0x0000069c   0x0000069c   0x0000007c   Code   RO          163    .text               c_w.l(_printf_longlong_dec.o)
    0x00000718   0x00000718   0x00000070   Code   RO          169    .text               c_w.l(_printf_oct_int_ll.o)
    0x00000788   0x00000788   0x00000094   Code   RO          189    .text               c_w.l(_printf_hex_int_ll_ptr.o)
    0x0000081c   0x0000081c   0x00000188   Code   RO          209    .text               c_w.l(__printf_flags_ss_wp.o)
    0x000009a4   0x000009a4   0x0000008a   Code   RO          258    .text               c_w.l(lludiv10.o)
    0x00000a2e   0x00000a2e   0x000000b2   Code   RO          260    .text               c_w.l(_printf_intcommon.o)
    0x00000ae0   0x00000ae0   0x0000041c   Code   RO          262    .text               c_w.l(_printf_fp_dec.o)
    0x00000efc   0x00000efc   0x000002fc   Code   RO          266    .text               c_w.l(_printf_fp_hex.o)
    0x000011f8   0x000011f8   0x0000002c   Code   RO          271    .text               c_w.l(_printf_char.o)
    0x00001224   0x00001224   0x0000002c   Code   RO          273    .text               c_w.l(_printf_wchar.o)
    0x00001250   0x00001250   0x00000048   Code   RO          276    .text               c_w.l(_c16rtomb.o)
    0x00001298   0x00001298   0x0000004a   Code   RO          278    .text               c_w.l(sys_stackheap_outer.o)
    0x000012e2   0x000012e2   0x00000002   PAD
    0x000012e4   0x000012e4   0x00000010   Code   RO          280    .text               c_w.l(rt_ctype_table.o)
    0x000012f4   0x000012f4   0x00000008   Code   RO          285    .text               c_w.l(rt_locale_intlibspace.o)
    0x000012fc   0x000012fc   0x00000080   Code   RO          287    .text               c_w.l(_printf_fp_infnan.o)
    0x0000137c   0x0000137c   0x000000e4   Code   RO          289    .text               c_w.l(bigflt0.o)
    0x00001460   0x00001460   0x00000012   Code   RO          319    .text               c_w.l(exit.o)
    0x00001472   0x00001472   0x00000002   PAD
    0x00001474   0x00001474   0x00000008   Code   RO          332    .text               c_w.l(libspace.o)
    0x0000147c   0x0000147c   0x00000004   PAD
    0x00001480   0x00001480   0x0000007c   Code   RO          342    .text               c_w.l(strcmpv7em.o)
    0x000014fc   0x000014fc   0x0000000c   Code   RO          404    .text               c_w.l(sys_exit.o)
    0x00001508   0x00001508   0x00000002   Code   RO          419    .text               c_w.l(use_no_semi.o)
    0x0000150a   0x0000150a   0x00000000   Code   RO          421    .text               c_w.l(indicate_semi.o)
    0x0000150a   0x0000150a   0x00000002   PAD
    0x0000150c   0x0000150c   0x00000054   Code   RO           78    .text.ADC1SS3_In    adc1ss3.o
    0x00001560   0x00001560   0x000000fc   Code   RO           76    .text.ADC1SS3_Init  adc1ss3.o
    0x0000165c   0x0000165c   0x0000004c   Code   RO           80    .text.ADCValue_To_X_AXIS  adc1ss3.o
    0x000016a8   0x000016a8   0x00000100   Code   RO           98    .text.Draw          spaceinvadersv3.o
    0x000017a8   0x000017a8   0x00000054   Code   RO          102    .text.End_Prompt    spaceinvadersv3.o
    0x000017fc   0x000017fc   0x000000d0   Code   RO          106    .text.GPIOPortF_Handler  spaceinvadersv3.o
    0x000018cc   0x000018cc   0x000000e4   Code   RO           96    .text.Game_Init     spaceinvadersv3.o
    0x000019b0   0x000019b0   0x00000390   Code   RO          100    .text.Move          spaceinvadersv3.o
    0x00001d40   0x00001d40   0x00000032   Code   RO           25    .text.Nokia5110_Clear  nokia5110.o
    0x00001d72   0x00001d72   0x00000002   PAD
    0x00001d74   0x00001d74   0x0000002e   Code   RO           31    .text.Nokia5110_ClearBuffer  nokia5110.o
    0x00001da2   0x00001da2   0x00000002   PAD
    0x00001da4   0x00001da4   0x00000010   Code   RO           37    .text.Nokia5110_DisplayBuffer  nokia5110.o
    0x00001db4   0x00001db4   0x0000003a   Code   RO           27    .text.Nokia5110_DrawFullImage  nokia5110.o
    0x00001dee   0x00001dee   0x00000002   PAD
    0x00001df0   0x00001df0   0x0000018c   Code   RO           13    .text.Nokia5110_Init  nokia5110.o
    0x00001f7c   0x00001f7c   0x00000056   Code   RO           17    .text.Nokia5110_OutChar  nokia5110.o
    0x00001fd2   0x00001fd2   0x00000002   PAD
    0x00001fd4   0x00001fd4   0x00000024   Code   RO           19    .text.Nokia5110_OutString  nokia5110.o
    0x00001ff8   0x00001ff8   0x00000206   Code   RO           29    .text.Nokia5110_PrintBMP  nokia5110.o
    0x000021fe   0x000021fe   0x00000002   PAD
    0x00002200   0x00002200   0x0000004e   Code   RO           23    .text.Nokia5110_SetCursor  nokia5110.o
    0x0000224e   0x0000224e   0x00000002   PAD
    0x00002250   0x00002250   0x00000084   Code   RO           49    .text.PLL_Init      pll.o
    0x000022d4   0x000022d4   0x00000044   Code   RO           94    .text.Start_Prompt  spaceinvadersv3.o
    0x00002318   0x00002318   0x00000132   Code   RO           68    .text.Switch_Init   switch.o
    0x0000244a   0x0000244a   0x00000002   PAD
    0x0000244c   0x0000244c   0x0000003e   Code   RO           59    .text.SysTickDelay3s  systick.o
    0x0000248a   0x0000248a   0x00000002   PAD
    0x0000248c   0x0000248c   0x0000000e   Code   RO          104    .text.SysTick_Handler  spaceinvadersv3.o
    0x0000249a   0x0000249a   0x00000002   PAD
    0x0000249c   0x0000249c   0x0000002e   Code   RO           57    .text.SysTick_Init  systick.o
    0x000024ca   0x000024ca   0x00000002   PAD
    0x000024cc   0x000024cc   0x00000028   Code   RO           92    .text.System_Init   spaceinvadersv3.o
    0x000024f4   0x000024f4   0x00000090   Code   RO           15    .text.lcdwrite      nokia5110.o
    0x00002584   0x00002584   0x00000072   Code   RO           90    .text.main          spaceinvadersv3.o
    0x000025f6   0x000025f6   0x0000003e   Code   RO          292    CL$$btod_d2e        c_w.l(btod.o)
    0x00002634   0x00002634   0x00000046   Code   RO          294    CL$$btod_d2e_denorm_low  c_w.l(btod.o)
    0x0000267a   0x0000267a   0x00000060   Code   RO          293    CL$$btod_d2e_norm_op1  c_w.l(btod.o)
    0x000026da   0x000026da   0x00000002   PAD
    0x000026dc   0x000026dc   0x00000338   Code   RO          302    CL$$btod_div_common  c_w.l(btod.o)
    0x00002a14   0x00002a14   0x000000dc   Code   RO          299    CL$$btod_e2e        c_w.l(btod.o)
    0x00002af0   0x00002af0   0x0000002a   Code   RO          296    CL$$btod_ediv       c_w.l(btod.o)
    0x00002b1a   0x00002b1a   0x0000002a   Code   RO          295    CL$$btod_emul       c_w.l(btod.o)
    0x00002b44   0x00002b44   0x00000244   Code   RO          301    CL$$btod_mult_common  c_w.l(btod.o)
    0x00002d88   0x00002d88   0x00000028   Code   RO          330    i.__ARM_fpclassify  m_ws.l(fpclassify.o)
    0x00002db0   0x00002db0   0x0000000e   Code   RO          202    i._is_digit         c_w.l(__printf_wp.o)
    0x00002dbe   0x00002dbe   0x00000002   PAD
    0x00002dc0   0x00002dc0   0x0000002c   Code   RO          317    locale$$code        c_w.l(lc_numeric_c.o)
    0x00002dec   0x00002dec   0x0000002c   Code   RO          340    locale$$code        c_w.l(lc_ctype_c.o)
    0x00002e18   0x00002e18   0x00000004   Code   RO          235    x$fpl$printf1       fz_ws.l(printf1.o)
    0x00002e1c   0x00002e1c   0x00000004   Code   RO          237    x$fpl$printf2       fz_ws.l(printf2.o)
    0x00002e20   0x00002e20   0x00000000   Code   RO          329    x$fpl$usenofp       fz_ws.l(usenofp.o)
    0x00002e20   0x00002e20   0x00000008   Data   RO          161    .constdata          c_w.l(_printf_wctomb.o)
    0x00002e28   0x00002e28   0x00000028   Data   RO          190    .constdata          c_w.l(_printf_hex_int_ll_ptr.o)
    0x00002e50   0x00002e50   0x00000011   Data   RO          210    .constdata          c_w.l(__printf_flags_ss_wp.o)
    0x00002e61   0x00002e61   0x00000026   Data   RO          267    .constdata          c_w.l(_printf_fp_hex.o)
    0x00002e87   0x00002e87   0x00000001   PAD
    0x00002e88   0x00002e88   0x00000094   Data   RO          290    .constdata          c_w.l(bigflt0.o)
    0x00002f1c   0x00002f1c   0x000001e0   Data   RO           39    .rodata.ASCII       nokia5110.o
    0x000030fc   0x000030fc   0x0000009b   Data   RO          113    .rodata.Missile0    spaceinvadersv3.o
    0x00003197   0x00003197   0x000000d7   Data   RO          112    .rodata.PlayerShip0  spaceinvadersv3.o
    0x0000326e   0x0000326e   0x00000258   Data   RO          110    .rodata.SmallEnemyPointA  spaceinvadersv3.o
    0x000034c6   0x000034c6   0x00000258   Data   RO          111    .rodata.SmallEnemyPointB  spaceinvadersv3.o
    0x0000371e   0x0000371e   0x000000c7   Data   RO          118    .rodata.SmallExplosion0  spaceinvadersv3.o
    0x000037e5   0x000037e5   0x0000006b   Data   RO          123    .rodata.str1.1      spaceinvadersv3.o
    0x00003850   0x00003850   0x00000010   Data   RO          477    Region$$Table       anon$$obj.o
    0x00003860   0x00003860   0x0000001c   Data   RO          316    locale$$data        c_w.l(lc_numeric_c.o)
    0x0000387c   0x0000387c   0x00000110   Data   RO          339    locale$$data        c_w.l(lc_ctype_c.o)


    Execution Region ER_RW (Exec base: 0x20000000, Load base: 0x0000398c, Size: 0x00000000, Max: 0xffffffff, ABSOLUTE)

    **** No section assigned to this execution region ****


    Execution Region ER_ZI (Exec base: 0x20000000, Load base: 0x0000398c, Size: 0x000006a0, Max: 0xffffffff, ABSOLUTE)

    Exec Addr    Load Addr    Size         Type   Attr      Idx    E Section Name        Object

    0x20000000        -       0x00000060   Zero   RW          333    .bss                c_w.l(libspace.o)
    0x20000060        -       0x0000000c   Zero   RW          126    .bss.Bullet         spaceinvadersv3.o
    0x2000006c        -       0x00000024   Zero   RW          124    .bss.Enemy          spaceinvadersv3.o
    0x20000090        -       0x00000003   Zero   RW          122    .bss.ExplosionTimer  spaceinvadersv3.o
    0x20000093        -       0x00000001   Zero   RW          127    .bss.Move.posture   spaceinvadersv3.o
    0x20000094        -       0x0000000c   Zero   RW          125    .bss.PlayerShip     spaceinvadersv3.o
    0x200000a0        -       0x000001f8   Zero   RW           41    .bss.Screen         nokia5110.o
    0x20000298        -       0x00000001   Zero   RW          120    .bss.game_s         spaceinvadersv3.o
    0x20000299        -       0x00000001   Zero   RW          121    .bss.score          spaceinvadersv3.o
    0x2000029a        -       0x00000001   Zero   RW          119    .bss.time_to_draw   spaceinvadersv3.o
    0x2000029b   0x0000398c   0x00000005   PAD
    0x200002a0        -       0x00000000   Zero   RW            2    HEAP                startup.o
    0x200002a0        -       0x00000400   Zero   RW            1    STACK               startup.o


==============================================================================

Image component sizes


      Code (inc. data)   RO Data    RW Data    ZI Data      Debug   Object Name

       412          0          0          0          0       1046   adc1ss3.o
      1428          4        480          0        504       4257   nokia5110.o
       132          0          0          0          0        420   pll.o
      1924          0       1876          0         67       3979   spaceinvadersv3.o
       692        632          0          0       1024        940   startup.o
       306          0          0          0          0        454   switch.o
       108          0          0          0          0        611   systick.o

    ----------------------------------------------------------------------
      5022        636       2372          0       1600      11707   Object Totals
         0          0         16          0          0          0   (incl. Generated)
        20          0          0          0          5          0   (incl. Padding)

    ----------------------------------------------------------------------

      Code (inc. data)   RO Data    RW Data    ZI Data      Debug   Library Member Name

         8          0          0          0          0         68   __main.o
       392          4         17          0          0         92   __printf_flags_ss_wp.o
        14          0          0          0          0         68   __printf_wp.o
         0          0          0          0          0          0   __rtentry.o
        12          0          0          0          0          0   __rtentry2.o
         6          0          0          0          0          0   __rtentry4.o
        94          8          0          0          0          0   __scatter.o
        28          0          0          0          0          0   __scatter_zi.o
        72          0          0          0          0         96   _c16rtomb.o
         6          0          0          0          0          0   _printf_a.o
         6          0          0          0          0          0   _printf_c.o
        44          0          0          0          0        108   _printf_char.o
        48          6          0          0          0         96   _printf_char_common.o
        40          0          0          0          0         68   _printf_charcount.o
         6          0          0          0          0          0   _printf_d.o
       120         16          0          0          0         92   _printf_dec.o
         6          0          0          0          0          0   _printf_e.o
         6          0          0          0          0          0   _printf_f.o
      1052          0          0          0          0        148   _printf_fp_dec.o
       764          8         38          0          0        100   _printf_fp_hex.o
       128         16          0          0          0         84   _printf_fp_infnan.o
         6          0          0          0          0          0   _printf_g.o
       148          4         40          0          0        160   _printf_hex_int_ll_ptr.o
         6          0          0          0          0          0   _printf_i.o
       178          0          0          0          0         88   _printf_intcommon.o
        10          0          0          0          0          0   _printf_l.o
         6          0          0          0          0          0   _printf_lc.o
        10          0          0          0          0          0   _printf_ll.o
         6          0          0          0          0          0   _printf_lld.o
         6          0          0          0          0          0   _printf_lli.o
         6          0          0          0          0          0   _printf_llo.o
         6          0          0          0          0          0   _printf_llu.o
         6          0          0          0          0          0   _printf_llx.o
       124         16          0          0          0         92   _printf_longlong_dec.o
         6          0          0          0          0          0   _printf_ls.o
         6          0          0          0          0          0   _printf_n.o
         6          0          0          0          0          0   _printf_o.o
       112          8          0          0          0        124   _printf_oct_int_ll.o
         6          0          0          0          0          0   _printf_p.o
        78          0          0          0          0        108   _printf_pad.o
         0          0          0          0          0          0   _printf_percent.o
         4          0          0          0          0          0   _printf_percent_end.o
         6          0          0          0          0          0   _printf_s.o
        82          0          0          0          0         80   _printf_str.o
        36          0          0          0          0         84   _printf_truncate.o
         6          0          0          0          0          0   _printf_u.o
        44          0          0          0          0        108   _printf_wchar.o
       188          6          8          0          0         92   _printf_wctomb.o
         6          0          0          0          0          0   _printf_x.o
        10          0          0          0          0         68   _sputc.o
       228          4        148          0          0         96   bigflt0.o
      1936        128          0          0          0        668   btod.o
        18          0          0          0          0         80   exit.o
         6          0          0          0          0        152   heapauxi.o
         0          0          0          0          0          0   indicate_semi.o
        44         10        272          0          0         76   lc_ctype_c.o
        44         10         28          0          0         76   lc_numeric_c.o
         2          0          0          0          0          0   libinit.o
        30          0          0          0          0          0   libinit2.o
         2          0          0          0          0          0   libshutdown.o
         2          0          0          0          0          0   libshutdown2.o
         8          4          0          0         96         68   libspace.o
       138          0          0          0          0         80   lludiv10.o
        16          4          0          0          0         76   rt_ctype_table.o
         8          4          0          0          0         68   rt_locale_intlibspace.o
         2          0          0          0          0          0   rtexit.o
        10          0          0          0          0          0   rtexit2.o
        44          6          0          0          0         84   sprintf.o
       124          0          0          0          0         88   strcmpv7em.o
        12          4          0          0          0         68   sys_exit.o
        74          0          0          0          0         80   sys_stackheap_outer.o
         2          0          0          0          0         68   use_no_semi.o
         4          0          0          0          0         68   printf1.o
         4          0          0          0          0         68   printf2.o
         0          0          0          0          0          0   usenofp.o
        40          0          0          0          0         68   fpclassify.o

    ----------------------------------------------------------------------
      6786        270        552          0         96       4056   Library Totals
        22          4          1          0          0          0   (incl. Padding)

    ----------------------------------------------------------------------

      Code (inc. data)   RO Data    RW Data    ZI Data      Debug   Library Name

      6716        266        551          0         96       3852   c_w.l
         8          0          0          0          0        136   fz_ws.l
        40          0          0          0          0         68   m_ws.l

    ----------------------------------------------------------------------
      6786        270        552          0         96       4056   Library Totals

    ----------------------------------------------------------------------

==============================================================================


      Code (inc. data)   RO Data    RW Data    ZI Data      Debug   

     11808        906       2924          0       1696      13527   Grand Totals
     11808        906       2924          0       1696      13527   ELF Image Totals
     11808        906       2924          0          0          0   ROM Totals

==============================================================================

    Total RO  Size (Code + RO Data)                14732 (  14.39kB)
    Total RW  Size (RW Data + ZI Data)              1696 (   1.66kB)
    Total ROM Size (Code + RO Data + RW Data)      14732 (  14.39kB)

==============================================================================

